Archive member included to satisfy reference by file (symbol)

C:/ST/STM32CubeIDE_1.17.0/STM32CubeIDE/plugins/com.st.stm32cube.ide.mcu.externaltools.gnu-tools-for-stm32.13.3.rel1.win32_1.0.0.202411081344/tools/bin/../lib/gcc/arm-none-eabi/13.3.1/../../../../arm-none-eabi/lib/thumb/v7e-m+fp/hard\libc_nano.a(libc_a-exit.o)
                              C:/ST/STM32CubeIDE_1.17.0/STM32CubeIDE/plugins/com.st.stm32cube.ide.mcu.externaltools.gnu-tools-for-stm32.13.3.rel1.win32_1.0.0.202411081344/tools/bin/../lib/gcc/arm-none-eabi/13.3.1/../../../../arm-none-eabi/lib/thumb/v7e-m+fp/hard/crt0.o (exit)
C:/ST/STM32CubeIDE_1.17.0/STM32CubeIDE/plugins/com.st.stm32cube.ide.mcu.externaltools.gnu-tools-for-stm32.13.3.rel1.win32_1.0.0.202411081344/tools/bin/../lib/gcc/arm-none-eabi/13.3.1/../../../../arm-none-eabi/lib/thumb/v7e-m+fp/hard\libc_nano.a(libc_a-findfp.o)
                              C:/ST/STM32CubeIDE_1.17.0/STM32CubeIDE/plugins/com.st.stm32cube.ide.mcu.externaltools.gnu-tools-for-stm32.13.3.rel1.win32_1.0.0.202411081344/tools/bin/../lib/gcc/arm-none-eabi/13.3.1/../../../../arm-none-eabi/lib/thumb/v7e-m+fp/hard\libc_nano.a(libc_a-exit.o) (__stdio_exit_handler)
C:/ST/STM32CubeIDE_1.17.0/STM32CubeIDE/plugins/com.st.stm32cube.ide.mcu.externaltools.gnu-tools-for-stm32.13.3.rel1.win32_1.0.0.202411081344/tools/bin/../lib/gcc/arm-none-eabi/13.3.1/../../../../arm-none-eabi/lib/thumb/v7e-m+fp/hard\libc_nano.a(libc_a-fwalk.o)
                              C:/ST/STM32CubeIDE_1.17.0/STM32CubeIDE/plugins/com.st.stm32cube.ide.mcu.externaltools.gnu-tools-for-stm32.13.3.rel1.win32_1.0.0.202411081344/tools/bin/../lib/gcc/arm-none-eabi/13.3.1/../../../../arm-none-eabi/lib/thumb/v7e-m+fp/hard\libc_nano.a(libc_a-findfp.o) (_fwalk_sglue)
C:/ST/STM32CubeIDE_1.17.0/STM32CubeIDE/plugins/com.st.stm32cube.ide.mcu.externaltools.gnu-tools-for-stm32.13.3.rel1.win32_1.0.0.202411081344/tools/bin/../lib/gcc/arm-none-eabi/13.3.1/../../../../arm-none-eabi/lib/thumb/v7e-m+fp/hard\libc_nano.a(libc_a-stdio.o)
                              C:/ST/STM32CubeIDE_1.17.0/STM32CubeIDE/plugins/com.st.stm32cube.ide.mcu.externaltools.gnu-tools-for-stm32.13.3.rel1.win32_1.0.0.202411081344/tools/bin/../lib/gcc/arm-none-eabi/13.3.1/../../../../arm-none-eabi/lib/thumb/v7e-m+fp/hard\libc_nano.a(libc_a-findfp.o) (__sread)
C:/ST/STM32CubeIDE_1.17.0/STM32CubeIDE/plugins/com.st.stm32cube.ide.mcu.externaltools.gnu-tools-for-stm32.13.3.rel1.win32_1.0.0.202411081344/tools/bin/../lib/gcc/arm-none-eabi/13.3.1/../../../../arm-none-eabi/lib/thumb/v7e-m+fp/hard\libc_nano.a(libc_a-memset.o)
                              C:/ST/STM32CubeIDE_1.17.0/STM32CubeIDE/plugins/com.st.stm32cube.ide.mcu.externaltools.gnu-tools-for-stm32.13.3.rel1.win32_1.0.0.202411081344/tools/bin/../lib/gcc/arm-none-eabi/13.3.1/../../../../arm-none-eabi/lib/thumb/v7e-m+fp/hard/crt0.o (memset)
C:/ST/STM32CubeIDE_1.17.0/STM32CubeIDE/plugins/com.st.stm32cube.ide.mcu.externaltools.gnu-tools-for-stm32.13.3.rel1.win32_1.0.0.202411081344/tools/bin/../lib/gcc/arm-none-eabi/13.3.1/../../../../arm-none-eabi/lib/thumb/v7e-m+fp/hard\libc_nano.a(libc_a-closer.o)
                              C:/ST/STM32CubeIDE_1.17.0/STM32CubeIDE/plugins/com.st.stm32cube.ide.mcu.externaltools.gnu-tools-for-stm32.13.3.rel1.win32_1.0.0.202411081344/tools/bin/../lib/gcc/arm-none-eabi/13.3.1/../../../../arm-none-eabi/lib/thumb/v7e-m+fp/hard\libc_nano.a(libc_a-stdio.o) (_close_r)
C:/ST/STM32CubeIDE_1.17.0/STM32CubeIDE/plugins/com.st.stm32cube.ide.mcu.externaltools.gnu-tools-for-stm32.13.3.rel1.win32_1.0.0.202411081344/tools/bin/../lib/gcc/arm-none-eabi/13.3.1/../../../../arm-none-eabi/lib/thumb/v7e-m+fp/hard\libc_nano.a(libc_a-reent.o)
                              C:/ST/STM32CubeIDE_1.17.0/STM32CubeIDE/plugins/com.st.stm32cube.ide.mcu.externaltools.gnu-tools-for-stm32.13.3.rel1.win32_1.0.0.202411081344/tools/bin/../lib/gcc/arm-none-eabi/13.3.1/../../../../arm-none-eabi/lib/thumb/v7e-m+fp/hard\libc_nano.a(libc_a-closer.o) (errno)
C:/ST/STM32CubeIDE_1.17.0/STM32CubeIDE/plugins/com.st.stm32cube.ide.mcu.externaltools.gnu-tools-for-stm32.13.3.rel1.win32_1.0.0.202411081344/tools/bin/../lib/gcc/arm-none-eabi/13.3.1/../../../../arm-none-eabi/lib/thumb/v7e-m+fp/hard\libc_nano.a(libc_a-impure.o)
                              C:/ST/STM32CubeIDE_1.17.0/STM32CubeIDE/plugins/com.st.stm32cube.ide.mcu.externaltools.gnu-tools-for-stm32.13.3.rel1.win32_1.0.0.202411081344/tools/bin/../lib/gcc/arm-none-eabi/13.3.1/../../../../arm-none-eabi/lib/thumb/v7e-m+fp/hard\libc_nano.a(libc_a-reent.o) (_impure_ptr)
C:/ST/STM32CubeIDE_1.17.0/STM32CubeIDE/plugins/com.st.stm32cube.ide.mcu.externaltools.gnu-tools-for-stm32.13.3.rel1.win32_1.0.0.202411081344/tools/bin/../lib/gcc/arm-none-eabi/13.3.1/../../../../arm-none-eabi/lib/thumb/v7e-m+fp/hard\libc_nano.a(libc_a-lseekr.o)
[...]
Memory Configuration

Name             Origin             Length             Attributes
RAM              0x20000000         0x00040000         xrw
FLASH            0x08000000         0x00080000         xr
*default*        0x00000000         0xffffffff

Linker script and memory map

LOAD C:/ST/STM32CubeIDE_1.17.0/STM32CubeIDE/plugins/com.st.stm32cube.ide.mcu.externaltools.gnu-tools-for-stm32.13.3.rel1.win32_1.0.0.202411081344/tools/bin/../lib/gcc/arm-none-eabi/13.3.1/thumb/v7e-m+fp/hard/crti.o
LOAD C:/ST/STM32CubeIDE_1.17.0/STM32CubeIDE/plugins/com.st.stm32cube.ide.mcu.externaltools.gnu-tools-for-stm32.13.3.rel1.win32_1.0.0.202411081344/tools/bin/../lib/gcc/arm-none-eabi/13.3.1/thumb/v7e-m+fp/hard/crtbegin.o
LOAD C:/ST/STM32CubeIDE_1.17.0/STM32CubeIDE/plugins/com.st.stm32cube.ide.mcu.externaltools.gnu-tools-for-stm32.13.3.rel1.win32_1.0.0.202411081344/tools/bin/../lib/gcc/arm-none-eabi/13.3.1/../../../../arm-none-eabi/lib/thumb/v7e-m+fp/hard/crt0.o
LOAD ./Core/Src/dma.o
LOAD ./Core/Src/fmpi2c.o
LOAD ./Core/Src/gpio.o
LOAD ./Core/Src/iwdg.o
LOAD ./Core/Src/main.o
LOAD ./Core/Src/spi.o
LOAD ./Core/Src/stm32f4xx_hal_msp.o
LOAD ./Core/Src/stm32f4xx_it.o
LOAD ./Core/Src/syscalls.o
LOAD ./Core/Src/sysmem.o
LOAD ./Core/Src/system_stm32f4xx.o
LOAD ./Core/Src/tim.o
LOAD ./Core/Src/usart.o
LOAD ./Core/Startup/startup_stm32f412ceux.o
LOAD ./Drivers/STM32F4xx_HAL_Driver/Src/stm32f4xx_hal.o
LOAD ./Drivers/STM32F4xx_HAL_Driver/Src/stm32f4xx_hal_cortex.o
LOAD ./Drivers/STM32F4xx_HAL_Driver/Src/stm32f4xx_hal_dma.o
LOAD ./Drivers/STM32F4xx_HAL_Driver/Src/stm32f4xx_hal_dma_ex.o
LOAD ./Drivers/STM32F4xx_HAL_Driver/Src/stm32f4xx_hal_exti.o
LOAD ./Drivers/STM32F4xx_HAL_Driver/Src/stm32f4xx_hal_flash.o
LOAD ./Drivers/STM32F4xx_HAL_Driver/Src/stm32f4xx_hal_flash_ex.o
LOAD ./Drivers/STM32F4xx_HAL_Driver/Src/stm32f4xx_hal_flash_ramfunc.o
LOAD ./Drivers/STM32F4xx_HAL_Driver/Src/stm32f4xx_hal_fmpi2c.o
LOAD ./Drivers/STM32F4xx_HAL_Driver/Src/stm32f4xx_hal_fmpi2c_ex.o
LOAD ./Drivers/STM32F4xx_HAL_Driver/Src/stm32f4xx_hal_gpio.o
LOAD ./Drivers/STM32F4xx_HAL_Driver/Src/stm32f4xx_hal_iwdg.o
LOAD ./Drivers/STM32F4xx_HAL_Driver/Src/stm32f4xx_hal_pwr.o
LOAD ./Drivers/STM32F4xx_HAL_Driver/Src/stm32f4xx_hal_pwr_ex.o
LOAD ./Drivers/STM32F4xx_HAL_Driver/Src/stm32f4xx_hal_rcc.o
LOAD ./Drivers/STM32F4xx_HAL_Driver/Src/stm32f4xx_hal_rcc_ex.o
LOAD ./Drivers/STM32F4xx_HAL_Driver/Src/stm32f4xx_hal_spi.o
LOAD ./Drivers/STM32F4xx_HAL_Driver/Src/stm32f4xx_hal_tim.o
LOAD ./Drivers/STM32F4xx_HAL_Driver/Src/stm32f4xx_hal_tim_ex.o
LOAD ./Drivers/STM32F4xx_HAL_Driver/Src/stm32f4xx_hal_uart.o
LOAD ./GP/ADE9000.o
LOAD ./GP/ADE9000_SPI.o
LOAD ./GP/I2c.o
LOAD ./GP/MD_RTU.o
LOAD ./GP/easyStm32LL v11.3.o
LOAD ./GP/history.o
LOAD ./GP/i2c_val.o
LOAD ./GP/init_test_func.o
LOAD ./GP/t.o
LOAD ./GP/ti.o
LOAD ./GP/uart2.o
LOAD ./GP/uart2.comm.o
LOAD ./GP/src/iwdg.o
LOAD ./GP/src/uart.o
START GROUP
LOAD C:/ST/STM32CubeIDE_1.17.0/STM32CubeIDE/plugins/com.st.stm32cube.ide.mcu.externaltools.gnu-tools-for-stm32.13.3.rel1.win32_1.0.0.202411081344/tools/bin/../lib/gcc/arm-none-eabi/13.3.1/../../../../arm-none-eabi/lib/thumb/v7e-m+fp/hard\libc_nano.a
LOAD C:/ST/STM32CubeIDE_1.17.0/STM32CubeIDE/plugins/com.st.stm32cube.ide.mcu.externaltools.gnu-tools-for-stm32.13.3.rel1.win32_1.0.0.202411081344/tools/bin/../lib/gcc/arm-none-eabi/13.3.1/../../../../arm-none-eabi/lib/thumb/v7e-m+fp/hard\libm.a
END GROUP
START GROUP
LOAD C:/ST/STM32CubeIDE_1.17.0/STM32CubeIDE/plugins/com.st.stm32cube.ide.mcu.externaltools.gnu-tools-for-stm32.13.3.rel1.win32_1.0.0.202411081344/tools/bin/../lib/gcc/arm-none-eabi/13.3.1/thumb/v7e-m+fp/hard\libgcc.a
LOAD C:/ST/STM32CubeIDE_1.17.0/STM32CubeIDE/plugins/com.st.stm32cube.ide.mcu.externaltools.gnu-tools-for-stm32.13.3.rel1.win32_1.0.0.202411081344/tools/bin/../lib/gcc/arm-none-eabi/13.3.1/../../../../arm-none-eabi/lib/thumb/v7e-m+fp/hard\libc_nano.a
END GROUP
START GROUP
LOAD C:/ST/STM32CubeIDE_1.17.0/STM32CubeIDE/plugins/com.st.stm32cube.ide.mcu.externaltools.gnu-tools-for-stm32.13.3.rel1.win32_1.0.0.202411081344/tools/bin/../lib/gcc/arm-none-eabi/13.3.1/thumb/v7e-m+fp/hard\libgcc.a
LOAD C:/ST/STM32CubeIDE_1.17.0/STM32CubeIDE/plugins/com.st.stm32cube.ide.mcu.externaltools.gnu-tools-for-stm32.13.3.rel1.win32_1.0.0.202411081344/tools/bin/../lib/gcc/arm-none-eabi/13.3.1/../../../../arm-none-eabi/lib/thumb/v7e-m+fp/hard\libc_nano.a
LOAD C:/ST/STM32CubeIDE_1.17.0/STM32CubeIDE/plugins/com.st.stm32cube.ide.mcu.externaltools.gnu-tools-for-stm32.13.3.rel1.win32_1.0.0.202411081344/tools/bin/../lib/gcc/arm-none-eabi/13.3.1/../../../../arm-none-eabi/lib/thumb/v7e-m+fp/hard\libnosys.a
END GROUP
START GROUP
LOAD C:/ST/STM32CubeIDE_1.17.0/STM32CubeIDE/plugins/com.st.stm32cube.ide.mcu.externaltools.gnu-tools-for-stm32.13.3.rel1.win32_1.0.0.202411081344/tools/bin/../lib/gcc/arm-none-eabi/13.3.1/thumb/v7e-m+fp/hard\libgcc.a
LOAD C:/ST/STM32CubeIDE_1.17.0/STM32CubeIDE/plugins/com.st.stm32cube.ide.mcu.externaltools.gnu-tools-for-stm32.13.3.rel1.win32_1.0.0.202411081344/tools/bin/../lib/gcc/arm-none-eabi/13.3.1/../../../../arm-none-eabi/lib/thumb/v7e-m+fp/hard\libc_nano.a
LOAD C:/ST/STM32CubeIDE_1.17.0/STM32CubeIDE/plugins/com.st.stm32cube.ide.mcu.externaltools.gnu-tools-for-stm32.13.3.rel1.win32_1.0.0.202411081344/tools/bin/../lib/gcc/arm-none-eabi/13.3.1/../../../../arm-none-eabi/lib/thumb/v7e-m+fp/hard\libnosys.a
END GROUP
LOAD C:/ST/STM32CubeIDE_1.17.0/STM32CubeIDE/plugins/com.st.stm32cube.ide.mcu.externaltools.gnu-tools-for-stm32.13.3.rel1.win32_1.0.0.202411081344/tools/bin/../lib/gcc/arm-none-eabi/13.3.1/thumb/v7e-m+fp/hard/crtend.o
LOAD C:/ST/STM32CubeIDE_1.17.0/STM32CubeIDE/plugins/com.st.stm32cube.ide.mcu.externaltools.gnu-tools-for-stm32.13.3.rel1.win32_1.0.0.202411081344/tools/bin/../lib/gcc/arm-none-eabi/13.3.1/thumb/v7e-m+fp/hard/crtn.o
                0x20040000                        _estack = (ORIGIN (RAM) + LENGTH (RAM))
                0x00000200                        _Min_Heap_Size = 0x200
                0x00000400                        _Min_Stack_Size = 0x400

.isr_vector     0x08000000      0x1c4
                0x08000000                        . = ALIGN (0x4)
 *(.isr_vector)
 .isr_vector    0x08000000      0x1c4 ./Core/Startup/startup_stm32f412ceux.o
                0x08000000                g_pfnVectors
                0x080001c4                        . = ALIGN (0x4)

.text           0x080001c8    0x24fe4
                0x080001c8                        . = ALIGN (0x4)
 *(.text)
 .text          0x080001c8        0x0 C:/ST/STM32CubeIDE_1.17.0/STM32CubeIDE/plugins/com.st.stm32cube.ide.mcu.externaltools.gnu-tools-for-stm32.13.3.rel1.win32_1.0.0.202411081344/tools/bin/../lib/gcc/arm-none-eabi/13.3.1/thumb/v7e-m+fp/hard/crti.o
 .text          0x080001c8       0x40 C:/ST/STM32CubeIDE_1.17.0/STM32CubeIDE/plugins/com.st.stm32cube.ide.mcu.externaltools.gnu-tools-for-stm32.13.3.rel1.win32_1.0.0.202411081344/tools/bin/../lib/gcc/arm-none-eabi/13.3.1/thumb/v7e-m+fp/hard/crtbegin.o
 .text          0x08000208       0x7c C:/ST/STM32CubeIDE_1.17.0/STM32CubeIDE/plugins/com.st.stm32cube.ide.mcu.externaltools.gnu-tools-for-stm32.13.3.rel1.win32_1.0.0.202411081344/tools/bin/../lib/gcc/arm-none-eabi/13.3.1/../../../../arm-none-eabi/lib/thumb/v7e-m+fp/hard/crt0.o
                0x08000208                _stack_init
                0x08000210                _start
                0x08000210                _mainCRTStartup
 .text          0x08000284        0x0 ./Core/Src/dma.o
 .text          0x08000284        0x0 ./Core/Src/fmpi2c.o
 .text          0x08000284        0x0 ./Core/Src/gpio.o
 .text          0x08000284        0x0 ./Core/Src/iwdg.o
 .text          0x08000284        0x0 ./Core/Src/main.o
 .text          0x08000284        0x0 ./Core/Src/spi.o
 .text          0x08000284        0x0 ./Core/Src/stm32f4xx_hal_msp.o
 .text          0x08000284        0x0 ./Core/Src/stm32f4xx_it.o
 .text          0x08000284        0x0 ./Core/Src/syscalls.o
 .text          0x08000284        0x0 ./Core/Src/sysmem.o
 .text          0x08000284        0x0 ./Core/Src/system_stm32f4xx.o
 .text          0x08000284        0x0 ./Core/Src/tim.o
 .text          0x08000284        0x0 ./Core/Src/usart.o
 .text          0x08000284       0x14 ./Core/Startup/startup_stm32f412ceux.o
 .text          0x08000298        0x0 ./Drivers/STM32F4xx_HAL_Driver/Src/stm32f4xx_hal.o
 .text          0x08000298        0x0 ./Drivers/STM32F4xx_HAL_Driver/Src/stm32f4xx_hal_cortex.o
 .text          0x08000298        0x0 ./Drivers/STM32F4xx_HAL_Driver/Src/stm32f4xx_hal_dma.o
 .text          0x08000298        0x0 ./Drivers/STM32F4xx_HAL_Driver/Src/stm32f4xx_hal_dma_ex.o
 .text          0x08000298        0x0 ./Drivers/STM32F4xx_HAL_Driver/Src/stm32f4xx_hal_exti.o
 .text          0x08000298        0x0 ./Drivers/STM32F4xx_HAL_Driver/Src/stm32f4xx_hal_flash.o
 .text          0x08000298        0x0 ./Drivers/STM32F4xx_HAL_Driver/Src/stm32f4xx_hal_flash_ex.o
 .text          0x08000298        0x0 ./Drivers/STM32F4xx_HAL_Driver/Src/stm32f4xx_hal_flash_ramfunc.o
 .text          0x08000298        0x0 ./Drivers/STM32F4xx_HAL_Driver/Src/stm32f4xx_hal_fmpi2c.o
 .text          0x08000298        0x0 ./Drivers/STM32F4xx_HAL_Driver/Src/stm32f4xx_hal_fmpi2c_ex.o
 .text          0x08000298        0x0 ./Drivers/STM32F4xx_HAL_Driver/Src/stm32f4xx_hal_gpio.o
 .text          0x08000298        0x0 ./Drivers/STM32F4xx_HAL_Driver/Src/stm32f4xx_hal_iwdg.o
 .text          0x08000298        0x0 ./Drivers/STM32F4xx_HAL_Driver/Src/stm32f4xx_hal_pwr.o
 .text          0x08000298        0x0 ./Drivers/STM32F4xx_HAL_Driver/Src/stm32f4xx_hal_pwr_ex.o
 .text          0x08000298        0x0 ./Drivers/STM32F4xx_HAL_Driver/Src/stm32f4xx_hal_rcc.o
 .text          0x08000298        0x0 ./Drivers/STM32F4xx_HAL_Driver/Src/stm32f4xx_hal_rcc_ex.o
 .text          0x08000298        0x0 ./Drivers/STM32F4xx_HAL_Driver/Src/stm32f4xx_hal_spi.o
 .text          0x08000298        0x0 ./Drivers/STM32F4xx_HAL_Driver/Src/stm32f4xx_hal_tim.o
 .text          0x08000298        0x0 ./Drivers/STM32F4xx_HAL_Driver/Src/stm32f4xx_hal_tim_ex.o
 .text          0x08000298        0x0 ./Drivers/STM32F4xx_HAL_Driver/Src/stm32f4xx_hal_uart.o
 .text          0x08000298        0x0 ./GP/ADE9000.o
 .text          0x08000298        0x0 ./GP/ADE9000_SPI.o
 .text          0x08000298        0x0 ./GP/I2c.o
 .text          0x08000298        0x0 ./GP/MD_RTU.o
 .text          0x08000298        0x0 ./GP/easyStm32LL v11.3.o
 .text          0x08000298        0x0 ./GP/history.o
 .text          0x08000298        0x0 ./GP/i2c_val.o
 .text          0x08000298        0x0 ./GP/init_test_func.o
 .text          0x08000298        0x0 ./GP/t.o
 .text          0x08000298        0x0 ./GP/ti.o
 .text          0x08000298        0x0 ./GP/uart2.o
 .text          0x08000298        0x0 ./GP/uart2.comm.o
 .text          0x08000298        0x0 ./GP/src/iwdg.o
 .text          0x08000298        0x0 ./GP/src/uart.o
 .text          0x08000298        0x0 C:/ST/STM32CubeIDE_1.17.0/STM32CubeIDE/plugins/com.st.stm32cube.ide.mcu.externaltools.gnu-tools-for-stm32.13.3.rel1.win32_1.0.0.202411081344/tools/bin/../lib/gcc/arm-none-eabi/13.3.1/../../../../arm-none-eabi/lib/thumb/v7e-m+fp/hard\libc_nano.a(libc_a-exit.o)
 .text          0x08000298        0x0 C:/ST/STM32CubeIDE_1.17.0/STM32CubeIDE/plugins/com.st.stm32cube.ide.mcu.externaltools.gnu-tools-for-stm32.13.3.rel1.win32_1.0.0.202411081344/tools/bin/../lib/gcc/arm-none-eabi/13.3.1/../../../../arm-none-eabi/lib/thumb/v7e-m+fp/hard\libc_nano.a(libc_a-findfp.o)
 .text          0x08000298        0x0 C:/ST/STM32CubeIDE_1.17.0/STM32CubeIDE/plugins/com.st.stm32cube.ide.mcu.externaltools.gnu-tools-for-stm32.13.3.rel1.win32_1.0.0.202411081344/tools/bin/../lib/gcc/arm-none-eabi/13.3.1/../../../../arm-none-eabi/lib/thumb/v7e-m+fp/hard\libc_nano.a(libc_a-fwalk.o)
 .text          0x08000298        0x0 C:/ST/STM32CubeIDE_1.17.0/STM32CubeIDE/plugins/com.st.stm32cube.ide.mcu.externaltools.gnu-tools-for-stm32.13.3.rel1.win32_1.0.0.202411081344/tools/bin/../lib/gcc/arm-none-eabi/13.3.1/../../../../arm-none-eabi/lib/thumb/v7e-m+fp/hard\libc_nano.a(libc_a-stdio.o)
 .text          0x08000298        0x0 C:/ST/STM32CubeIDE_1.17.0/STM32CubeIDE/plugins/com.st.stm32cube.ide.mcu.externaltools.gnu-tools-for-stm32.13.3.rel1.win32_1.0.0.202411081344/tools/bin/../lib/gcc/arm-none-eabi/13.3.1/../../../../arm-none-eabi/lib/thumb/v7e-m+fp/hard\libc_nano.a(libc_a-memset.o)
 .text          0x08000298        0x0 C:/ST/STM32CubeIDE_1.17.0/STM32CubeIDE/plugins/com.st.stm32cube.ide.mcu.externaltools.gnu-tools-for-stm32.13.3.rel1.win32_1.0.0.202411081344/tools/bin/../lib/gcc/arm-none-eabi/13.3.1/../../../../arm-none-eabi/lib/thumb/v7e-m+fp/hard\libc_nano.a(libc_a-closer.o)
 .text          0x08000298        0x0 C:/ST/STM32CubeIDE_1.17.0/STM32CubeIDE/plugins/com.st.stm32cube.ide.mcu.externaltools.gnu-tools-for-stm32.13.3.rel1.win32_1.0.0.202411081344/tools/bin/../lib/gcc/arm-none-eabi/13.3.1/../../../../arm-none-eabi/lib/thumb/v7e-m+fp/hard\libc_nano.a(libc_a-reent.o)
 .text          0x08000298        0x0 C:/ST/STM32CubeIDE_1.17.0/STM32CubeIDE/plugins/com.st.stm32cube.ide.mcu.externaltools.gnu-tools-for-stm32.13.3.rel1.win32_1.0.0.202411081344/tools/bin/../lib/gcc/arm-none-eabi/13.3.1/../../../../arm-none-eabi/lib/thumb/v7e-m+fp/hard\libc_nano.a(libc_a-impure.o)
 .text          0x08000298        0x0 C:/ST/STM32CubeIDE_1.17.0/STM32CubeIDE/plugins/com.st.stm32cube.ide.mcu.externaltools.gnu-tools-for-stm32.13.3.rel1.win32_1.0.0.202411081344/tools/bin/../lib/gcc/arm-none-eabi/13.3.1/../../../../arm-none-eabi/lib/thumb/v7e-m+fp/hard\libc_nano.a(libc_a-lseekr.o)
 .text          0x08000298        0x0 C:/ST/STM32CubeIDE_1.17.0/STM32CubeIDE/plugins/com.st.stm32cube.ide.mcu.externaltools.gnu-tools-for-stm32.13.3.rel1.win32_1.0.0.202411081344/tools/bin/../lib/gcc/arm-none-eabi/13.3.1/../../../../arm-none-eabi/lib/thumb/v7e-m+fp/hard\libc_nano.a(libc_a-readr.o)
 .text          0x08000298        0x0 C:/ST/STM32CubeIDE_1.17.0/STM32CubeIDE/plugins/com.st.stm32cube.ide.mcu.externaltools.gnu-tools-for-stm32.13.3.rel1.win32_1.0.0.202411081344/tools/bin/../lib/gcc/arm-none-eabi/13.3.1/../../../../arm-none-eabi/lib/thumb/v7e-m+fp/hard\libc_nano.a(libc_a-writer.o)
 .text          0x08000298        0x0 C:/ST/STM32CubeIDE_1.17.0/STM32CubeIDE/plugins/com.st.stm32cube.ide.mcu.externaltools.gnu-tools-for-stm32.13.3.rel1.win32_1.0.0.202411081344/tools/bin/../lib/gcc/arm-none-eabi/13.3.1/../../../../arm-none-eabi/lib/thumb/v7e-m+fp/hard\libc_nano.a(libc_a-errno.o)
 .text          0x08000298        0x0 C:/ST/STM32CubeIDE_1.17.0/STM32CubeIDE/plugins/com.st.stm32cube.ide.mcu.externaltools.gnu-tools-for-stm32.13.3.rel1.win32_1.0.0.202411081344/tools/bin/../lib/gcc/arm-none-eabi/13.3.1/../../../../arm-none-eabi/lib/thumb/v7e-m+fp/hard\libc_nano.a(libc_a-init.o)
 .text          0x08000298        0x0 C:/ST/STM32CubeIDE_1.17.0/STM32CubeIDE/plugins/com.st.stm32cube.ide.mcu.externaltools.gnu-tools-for-stm32.13.3.rel1.win32_1.0.0.202411081344/tools/bin/../lib/gcc/arm-none-eabi/13.3.1/../../../../arm-none-eabi/lib/thumb/v7e-m+fp/hard\libc_nano.a(libc_a-lock.o)
 .text          0x08000298        0x0 C:/ST/STM32CubeIDE_1.17.0/STM32CubeIDE/plugins/com.st.stm32cube.ide.mcu.externaltools.gnu-tools-for-stm32.13.3.rel1.win32_1.0.0.202411081344/tools/bin/../lib/gcc/arm-none-eabi/13.3.1/../../../../arm-none-eabi/lib/thumb/v7e-m+fp/hard\libc_nano.a(libc_a-freer.o)
 .text          0x08000298        0x0 C:/ST/STM32CubeIDE_1.17.0/STM32CubeIDE/plugins/com.st.stm32cube.ide.mcu.externaltools.gnu-tools-for-stm32.13.3.rel1.win32_1.0.0.202411081344/tools/bin/../lib/gcc/arm-none-eabi/13.3.1/../../../../arm-none-eabi/lib/thumb/v7e-m+fp/hard\libc_nano.a(libc_a-mallocr.o)
 .text          0x08000298        0x0 C:/ST/STM32CubeIDE_1.17.0/STM32CubeIDE/plugins/com.st.stm32cube.ide.mcu.externaltools.gnu-tools-for-stm32.13.3.rel1.win32_1.0.0.202411081344/tools/bin/../lib/gcc/arm-none-eabi/13.3.1/../../../../arm-none-eabi/lib/thumb/v7e-m+fp/hard\libc_nano.a(libc_a-mlock.o)
 .text          0x08000298        0x0 C:/ST/STM32CubeIDE_1.17.0/STM32CubeIDE/plugins/com.st.stm32cube.ide.mcu.externaltools.gnu-tools-for-stm32.13.3.rel1.win32_1.0.0.202411081344/tools/bin/../lib/gcc/arm-none-eabi/13.3.1/../../../../arm-none-eabi/lib/thumb/v7e-m+fp/hard\libc_nano.a(libc_a-fflush.o)
 .text          0x08000298        0x0 C:/ST/STM32CubeIDE_1.17.0/STM32CubeIDE/plugins/com.st.stm32cube.ide.mcu.externaltools.gnu-tools-for-stm32.13.3.rel1.win32_1.0.0.202411081344/tools/bin/../lib/gcc/arm-none-eabi/13.3.1/../../../../arm-none-eabi/lib/thumb/v7e-m+fp/hard\libc_nano.a(libc_a-sbrkr.o)
 .text          0x08000298        0x0 C:/ST/STM32CubeIDE_1.17.0/STM32CubeIDE/plugins/com.st.stm32cube.ide.mcu.externaltools.gnu-tools-for-stm32.13.3.rel1.win32_1.0.0.202411081344/tools/bin/../lib/gcc/arm-none-eabi/13.3.1/../../../../arm-none-eabi/lib/thumb/v7e-m+fp/hard\libm.a(libm_a-w_acos.o)
 .text          0x08000298        0x0 C:/ST/STM32CubeIDE_1.17.0/STM32CubeIDE/plugins/com.st.stm32cube.ide.mcu.externaltools.gnu-tools-for-stm32.13.3.rel1.win32_1.0.0.202411081344/tools/bin/../lib/gcc/arm-none-eabi/13.3.1/../../../../arm-none-eabi/lib/thumb/v7e-m+fp/hard\libm.a(libm_a-w_atan2.o)
 .text          0x08000298        0x0 C:/ST/STM32CubeIDE_1.17.0/STM32CubeIDE/plugins/com.st.stm32cube.ide.mcu.externaltools.gnu-tools-for-stm32.13.3.rel1.win32_1.0.0.202411081344/tools/bin/../lib/gcc/arm-none-eabi/13.3.1/../../../../arm-none-eabi/lib/thumb/v7e-m+fp/hard\libm.a(libm_a-w_sqrt.o)
 .text          0x08000298        0x0 C:/ST/STM32CubeIDE_1.17.0/STM32CubeIDE/plugins/com.st.stm32cube.ide.mcu.externaltools.gnu-tools-for-stm32.13.3.rel1.win32_1.0.0.202411081344/tools/bin/../lib/gcc/arm-none-eabi/13.3.1/../../../../arm-none-eabi/lib/thumb/v7e-m+fp/hard\libm.a(libm_a-s_cos.o)
 .text          0x08000298        0x0 C:/ST/STM32CubeIDE_1.17.0/STM32CubeIDE/plugins/com.st.stm32cube.ide.mcu.externaltools.gnu-tools-for-stm32.13.3.rel1.win32_1.0.0.202411081344/tools/bin/../lib/gcc/arm-none-eabi/13.3.1/../../../../arm-none-eabi/lib/thumb/v7e-m+fp/hard\libm.a(libm_a-s_fabs.o)
 .text          0x08000298        0x0 C:/ST/STM32CubeIDE_1.17.0/STM32CubeIDE/plugins/com.st.stm32cube.ide.mcu.externaltools.gnu-tools-for-stm32.13.3.rel1.win32_1.0.0.202411081344/tools/bin/../lib/gcc/arm-none-eabi/13.3.1/../../../../arm-none-eabi/lib/thumb/v7e-m+fp/hard\libm.a(libm_a-s_sin.o)
 .text          0x08000298        0x0 C:/ST/STM32CubeIDE_1.17.0/STM32CubeIDE/plugins/com.st.stm32cube.ide.mcu.externaltools.gnu-tools-for-stm32.13.3.rel1.win32_1.0.0.202411081344/tools/bin/../lib/gcc/arm-none-eabi/13.3.1/../../../../arm-none-eabi/lib/thumb/v7e-m+fp/hard\libm.a(libm_a-wf_fmod.o)
 .text          0x08000298        0x0 C:/ST/STM32CubeIDE_1.17.0/STM32CubeIDE/plugins/com.st.stm32cube.ide.mcu.externaltools.gnu-tools-for-stm32.13.3.rel1.win32_1.0.0.202411081344/tools/bin/../lib/gcc/arm-none-eabi/13.3.1/../../../../arm-none-eabi/lib/thumb/v7e-m+fp/hard\libm.a(libm_a-sf_cos.o)
 .text          0x08000298        0x0 C:/ST/STM32CubeIDE_1.17.0/STM32CubeIDE/plugins/com.st.stm32cube.ide.mcu.externaltools.gnu-tools-for-stm32.13.3.rel1.win32_1.0.0.202411081344/tools/bin/../lib/gcc/arm-none-eabi/13.3.1/../../../../arm-none-eabi/lib/thumb/v7e-m+fp/hard\libm.a(libm_a-s_nan.o)
 .text          0x08000298        0x0 C:/ST/STM32CubeIDE_1.17.0/STM32CubeIDE/plugins/com.st.stm32cube.ide.mcu.externaltools.gnu-tools-for-stm32.13.3.rel1.win32_1.0.0.202411081344/tools/bin/../lib/gcc/arm-none-eabi/13.3.1/../../../../arm-none-eabi/lib/thumb/v7e-m+fp/hard\libm.a(libm_a-s_fmax.o)
 .text          0x08000298        0x0 C:/ST/STM32CubeIDE_1.17.0/STM32CubeIDE/plugins/com.st.stm32cube.ide.mcu.externaltools.gnu-tools-for-stm32.13.3.rel1.win32_1.0.0.202411081344/tools/bin/../lib/gcc/arm-none-eabi/13.3.1/../../../../arm-none-eabi/lib/thumb/v7e-m+fp/hard\libm.a(libm_a-s_fmin.o)
 .text          0x08000298        0x0 C:/ST/STM32CubeIDE_1.17.0/STM32CubeIDE/plugins/com.st.stm32cube.ide.mcu.externaltools.gnu-tools-for-stm32.13.3.rel1.win32_1.0.0.202411081344/tools/bin/../lib/gcc/arm-none-eabi/13.3.1/../../../../arm-none-eabi/lib/thumb/v7e-m+fp/hard\libm.a(libm_a-s_fpclassify.o)
 .text          0x08000298        0x0 C:/ST/STM32CubeIDE_1.17.0/STM32CubeIDE/plugins/com.st.stm32cube.ide.mcu.externaltools.gnu-tools-for-stm32.13.3.rel1.win32_1.0.0.202411081344/tools/bin/../lib/gcc/arm-none-eabi/13.3.1/../../../../arm-none-eabi/lib/thumb/v7e-m+fp/hard\libm.a(libm_a-e_sqrt.o)
 .text          0x08000298        0x0 C:/ST/STM32CubeIDE_1.17.0/STM32CubeIDE/plugins/com.st.stm32cube.ide.mcu.externaltools.gnu-tools-for-stm32.13.3.rel1.win32_1.0.0.202411081344/tools/bin/../lib/gcc/arm-none-eabi/13.3.1/../../../../arm-none-eabi/lib/thumb/v7e-m+fp/hard\libm.a(libm_a-k_cos.o)
 .text          0x08000298        0x0 C:/ST/STM32CubeIDE_1.17.0/STM32CubeIDE/plugins/com.st.stm32cube.ide.mcu.externaltools.gnu-tools-for-stm32.13.3.rel1.win32_1.0.0.202411081344/tools/bin/../lib/gcc/arm-none-eabi/13.3.1/../../../../arm-none-eabi/lib/thumb/v7e-m+fp/hard\libm.a(libm_a-k_sin.o)
 .text          0x08000298        0x0 C:/ST/STM32CubeIDE_1.17.0/STM32CubeIDE/plugins/com.st.stm32cube.ide.mcu.externaltools.gnu-tools-for-stm32.13.3.rel1.win32_1.0.0.202411081344/tools/bin/../lib/gcc/arm-none-eabi/13.3.1/../../../../arm-none-eabi/lib/thumb/v7e-m+fp/hard\libm.a(libm_a-e_acos.o)
 .text          0x08000298        0x0 C:/ST/STM32CubeIDE_1.17.0/STM32CubeIDE/plugins/com.st.stm32cube.ide.mcu.externaltools.gnu-tools-for-stm32.13.3.rel1.win32_1.0.0.202411081344/tools/bin/../lib/gcc/arm-none-eabi/13.3.1/../../../../arm-none-eabi/lib/thumb/v7e-m+fp/hard\libm.a(libm_a-e_atan2.o)
 .text          0x08000298        0x0 C:/ST/STM32CubeIDE_1.17.0/STM32CubeIDE/plugins/com.st.stm32cube.ide.mcu.externaltools.gnu-tools-for-stm32.13.3.rel1.win32_1.0.0.202411081344/tools/bin/../lib/gcc/arm-none-eabi/13.3.1/../../../../arm-none-eabi/lib/thumb/v7e-m+fp/hard\libm.a(libm_a-e_rem_pio2.o)
 .text          0x08000298        0x0 C:/ST/STM32CubeIDE_1.17.0/STM32CubeIDE/plugins/com.st.stm32cube.ide.mcu.externaltools.gnu-tools-for-stm32.13.3.rel1.win32_1.0.0.202411081344/tools/bin/../lib/gcc/arm-none-eabi/13.3.1/../../../../arm-none-eabi/lib/thumb/v7e-m+fp/hard\libm.a(libm_a-s_atan.o)
 .text          0x08000298        0x0 C:/ST/STM32CubeIDE_1.17.0/STM32CubeIDE/plugins/com.st.stm32cube.ide.mcu.externaltools.gnu-tools-for-stm32.13.3.rel1.win32_1.0.0.202411081344/tools/bin/../lib/gcc/arm-none-eabi/13.3.1/../../../../arm-none-eabi/lib/thumb/v7e-m+fp/hard\libm.a(libm_a-kf_cos.o)
 .text          0x08000298        0x0 C:/ST/STM32CubeIDE_1.17.0/STM32CubeIDE/plugins/com.st.stm32cube.ide.mcu.externaltools.gnu-tools-for-stm32.13.3.rel1.win32_1.0.0.202411081344/tools/bin/../lib/gcc/arm-none-eabi/13.3.1/../../../../arm-none-eabi/lib/thumb/v7e-m+fp/hard\libm.a(libm_a-kf_sin.o)
 .text          0x08000298        0x0 C:/ST/STM32CubeIDE_1.17.0/STM32CubeIDE/plugins/com.st.stm32cube.ide.mcu.externaltools.gnu-tools-for-stm32.13.3.rel1.win32_1.0.0.202411081344/tools/bin/../lib/gcc/arm-none-eabi/13.3.1/../../../../arm-none-eabi/lib/thumb/v7e-m+fp/hard\libm.a(libm_a-ef_fmod.o)
 .text          0x08000298        0x0 C:/ST/STM32CubeIDE_1.17.0/STM32CubeIDE/plugins/com.st.stm32cube.ide.mcu.externaltools.gnu-tools-for-stm32.13.3.rel1.win32_1.0.0.202411081344/tools/bin/../lib/gcc/arm-none-eabi/13.3.1/../../../../arm-none-eabi/lib/thumb/v7e-m+fp/hard\libm.a(libm_a-ef_rem_pio2.o)
 .text          0x08000298        0x0 C:/ST/STM32CubeIDE_1.17.0/STM32CubeIDE/plugins/com.st.stm32cube.ide.mcu.externaltools.gnu-tools-for-stm32.13.3.rel1.win32_1.0.0.202411081344/tools/bin/../lib/gcc/arm-none-eabi/13.3.1/../../../../arm-none-eabi/lib/thumb/v7e-m+fp/hard\libm.a(libm_a-sf_fabs.o)
 .text          0x08000298        0x0 C:/ST/STM32CubeIDE_1.17.0/STM32CubeIDE/plugins/com.st.stm32cube.ide.mcu.externaltools.gnu-tools-for-stm32.13.3.rel1.win32_1.0.0.202411081344/tools/bin/../lib/gcc/arm-none-eabi/13.3.1/../../../../arm-none-eabi/lib/thumb/v7e-m+fp/hard\libm.a(libm_a-k_rem_pio2.o)
 .text          0x08000298        0x0 C:/ST/STM32CubeIDE_1.17.0/STM32CubeIDE/plugins/com.st.stm32cube.ide.mcu.externaltools.gnu-tools-for-stm32.13.3.rel1.win32_1.0.0.202411081344/tools/bin/../lib/gcc/arm-none-eabi/13.3.1/../../../../arm-none-eabi/lib/thumb/v7e-m+fp/hard\libm.a(libm_a-kf_rem_pio2.o)
 .text          0x08000298        0x0 C:/ST/STM32CubeIDE_1.17.0/STM32CubeIDE/plugins/com.st.stm32cube.ide.mcu.externaltools.gnu-tools-for-stm32.13.3.rel1.win32_1.0.0.202411081344/tools/bin/../lib/gcc/arm-none-eabi/13.3.1/../../../../arm-none-eabi/lib/thumb/v7e-m+fp/hard\libm.a(libm_a-s_scalbn.o)
 .text          0x08000298        0x0 C:/ST/STM32CubeIDE_1.17.0/STM32CubeIDE/plugins/com.st.stm32cube.ide.mcu.externaltools.gnu-tools-for-stm32.13.3.rel1.win32_1.0.0.202411081344/tools/bin/../lib/gcc/arm-none-eabi/13.3.1/../../../../arm-none-eabi/lib/thumb/v7e-m+fp/hard\libm.a(libm_a-sf_scalbn.o)
 .text          0x08000298        0x0 C:/ST/STM32CubeIDE_1.17.0/STM32CubeIDE/plugins/com.st.stm32cube.ide.mcu.externaltools.gnu-tools-for-stm32.13.3.rel1.win32_1.0.0.202411081344/tools/bin/../lib/gcc/arm-none-eabi/13.3.1/../../../../arm-none-eabi/lib/thumb/v7e-m+fp/hard\libm.a(libm_a-s_floor.o)
 .text          0x08000298        0x0 C:/ST/STM32CubeIDE_1.17.0/STM32CubeIDE/plugins/com.st.stm32cube.ide.mcu.externaltools.gnu-tools-for-stm32.13.3.rel1.win32_1.0.0.202411081344/tools/bin/../lib/gcc/arm-none-eabi/13.3.1/../../../../arm-none-eabi/lib/thumb/v7e-m+fp/hard\libm.a(libm_a-sf_floor.o)
 .text          0x08000298      0x254 C:/ST/STM32CubeIDE_1.17.0/STM32CubeIDE/plugins/com.st.stm32cube.ide.mcu.externaltools.gnu-tools-for-stm32.13.3.rel1.win32_1.0.0.202411081344/tools/bin/../lib/gcc/arm-none-eabi/13.3.1/thumb/v7e-m+fp/hard\libgcc.a(_arm_muldf3.o)
 .text          0x080004ec      0x378 C:/ST/STM32CubeIDE_1.17.0/STM32CubeIDE/plugins/com.st.stm32cube.ide.mcu.externaltools.gnu-tools-for-stm32.13.3.rel1.win32_1.0.0.202411081344/tools/bin/../lib/gcc/arm-none-eabi/13.3.1/thumb/v7e-m+fp/hard\libgcc.a(_arm_addsubdf3.o)
                0x080004ec                __aeabi_drsub
                0x080004f4                __aeabi_dsub
                0x080004f4                __subdf3
                0x080004f8                __aeabi_dadd
                0x080004f8                __adddf3
                0x08000770                __floatunsidf
                0x08000770                __aeabi_ui2d
                0x08000790                __floatsidf
                0x08000790                __aeabi_i2d
                0x080007b4                __aeabi_f2d
                0x080007b4                __extendsfdf2
                0x080007f8                __floatundidf
                0x080007f8                __aeabi_ul2d
                0x08000808                __floatdidf
                0x08000808                __aeabi_l2d
 .text          0x08000864      0x424 C:/ST/STM32CubeIDE_1.17.0/STM32CubeIDE/plugins/com.st.stm32cube.ide.mcu.externaltools.gnu-tools-for-stm32.13.3.rel1.win32_1.0.0.202411081344/tools/bin/../lib/gcc/arm-none-eabi/13.3.1/thumb/v7e-m+fp/hard\libgcc.a(_arm_muldivdf3.o)
                0x08000864                __aeabi_dmul
                0x08000864                __muldf3
                0x08000ab8                __divdf3
                0x08000ab8                __aeabi_ddiv
 .text          0x08000c88      0x110 C:/ST/STM32CubeIDE_1.17.0/STM32CubeIDE/plugins/com.st.stm32cube.ide.mcu.externaltools.gnu-tools-for-stm32.13.3.rel1.win32_1.0.0.202411081344/tools/bin/../lib/gcc/arm-none-eabi/13.3.1/thumb/v7e-m+fp/hard\libgcc.a(_arm_cmpdf2.o)
                0x08000c88                __gtdf2
                0x08000c88                __gedf2
                0x08000c90                __ltdf2
                0x08000c90                __ledf2
                0x08000c98                __nedf2
                0x08000c98                __eqdf2
                0x08000c98                __cmpdf2
                0x08000d14                __aeabi_cdrcmple
                0x08000d24                __aeabi_cdcmpeq
                0x08000d24                __aeabi_cdcmple
                0x08000d34                __aeabi_dcmpeq
                0x08000d48                __aeabi_dcmplt
                0x08000d5c                __aeabi_dcmple
                0x08000d70                __aeabi_dcmpge
                0x08000d84                __aeabi_dcmpgt
 .text          0x08000d98       0x2c C:/ST/STM32CubeIDE_1.17.0/STM32CubeIDE/plugins/com.st.stm32cube.ide.mcu.externaltools.gnu-tools-for-stm32.13.3.rel1.win32_1.0.0.202411081344/tools/bin/../lib/gcc/arm-none-eabi/13.3.1/thumb/v7e-m+fp/hard\libgcc.a(_arm_unorddf2.o)
                0x08000d98                __unorddf2
                0x08000d98                __aeabi_dcmpun
 .text          0x08000dc4       0x50 C:/ST/STM32CubeIDE_1.17.0/STM32CubeIDE/plugins/com.st.stm32cube.ide.mcu.externaltools.gnu-tools-for-stm32.13.3.rel1.win32_1.0.0.202411081344/tools/bin/../lib/gcc/arm-none-eabi/13.3.1/thumb/v7e-m+fp/hard\libgcc.a(_arm_fixdfsi.o)
                0x08000dc4                __aeabi_d2iz
                0x08000dc4                __fixdfsi
 .text          0x08000e14       0x40 C:/ST/STM32CubeIDE_1.17.0/STM32CubeIDE/plugins/com.st.stm32cube.ide.mcu.externaltools.gnu-tools-for-stm32.13.3.rel1.win32_1.0.0.202411081344/tools/bin/../lib/gcc/arm-none-eabi/13.3.1/thumb/v7e-m+fp/hard\libgcc.a(_arm_fixunsdfsi.o)
                0x08000e14                __aeabi_d2uiz
                0x08000e14                __fixunsdfsi
 .text          0x08000e54       0xa0 C:/ST/STM32CubeIDE_1.17.0/STM32CubeIDE/plugins/com.st.stm32cube.ide.mcu.externaltools.gnu-tools-for-stm32.13.3.rel1.win32_1.0.0.202411081344/tools/bin/../lib/gcc/arm-none-eabi/13.3.1/thumb/v7e-m+fp/hard\libgcc.a(_arm_truncdfsf2.o)
                0x08000e54                __truncdfsf2
                0x08000e54                __aeabi_d2f
 .text          0x08000ef4       0x30 C:/ST/STM32CubeIDE_1.17.0/STM32CubeIDE/plugins/com.st.stm32cube.ide.mcu.externaltools.gnu-tools-for-stm32.13.3.rel1.win32_1.0.0.202411081344/tools/bin/../lib/gcc/arm-none-eabi/13.3.1/thumb/v7e-m+fp/hard\libgcc.a(_aeabi_uldivmod.o)
                0x08000ef4                __aeabi_uldivmod
 .text          0x08000f24       0x30 C:/ST/STM32CubeIDE_1.17.0/STM32CubeIDE/plugins/com.st.stm32cube.ide.mcu.externaltools.gnu-tools-for-stm32.13.3.rel1.win32_1.0.0.202411081344/tools/bin/../lib/gcc/arm-none-eabi/13.3.1/thumb/v7e-m+fp/hard\libgcc.a(_fixdfdi.o)
                0x08000f24                __fixdfdi
                0x08000f24                __aeabi_d2lz
 .text          0x08000f54       0x3c C:/ST/STM32CubeIDE_1.17.0/STM32CubeIDE/plugins/com.st.stm32cube.ide.mcu.externaltools.gnu-tools-for-stm32.13.3.rel1.win32_1.0.0.202411081344/tools/bin/../lib/gcc/arm-none-eabi/13.3.1/thumb/v7e-m+fp/hard\libgcc.a(_fixunsdfdi.o)
                0x08000f54                __fixunsdfdi
                0x08000f54                __aeabi_d2ulz
 .text          0x08000f90      0x2f8 C:/ST/STM32CubeIDE_1.17.0/STM32CubeIDE/plugins/com.st.stm32cube.ide.mcu.externaltools.gnu-tools-for-stm32.13.3.rel1.win32_1.0.0.202411081344/tools/bin/../lib/gcc/arm-none-eabi/13.3.1/thumb/v7e-m+fp/hard\libgcc.a(_udivmoddi4.o)
                0x08000f90                __udivmoddi4
 .text          0x08001288        0x4 C:/ST/STM32CubeIDE_1.17.0/STM32CubeIDE/plugins/com.st.stm32cube.ide.mcu.externaltools.gnu-tools-for-stm32.13.3.rel1.win32_1.0.0.202411081344/tools/bin/../lib/gcc/arm-none-eabi/13.3.1/thumb/v7e-m+fp/hard\libgcc.a(_dvmd_tls.o)
                0x08001288                __aeabi_idiv0
                0x08001288                __aeabi_ldiv0
 .text          0x0800128c        0x0 C:/ST/STM32CubeIDE_1.17.0/STM32CubeIDE/plugins/com.st.stm32cube.ide.mcu.externaltools.gnu-tools-for-stm32.13.3.rel1.win32_1.0.0.202411081344/tools/bin/../lib/gcc/arm-none-eabi/13.3.1/thumb/v7e-m+fp/hard/crtend.o
 .text          0x0800128c        0x0 C:/ST/STM32CubeIDE_1.17.0/STM32CubeIDE/plugins/com.st.stm32cube.ide.mcu.externaltools.gnu-tools-for-stm32.13.3.rel1.win32_1.0.0.202411081344/tools/bin/../lib/gcc/arm-none-eabi/13.3.1/thumb/v7e-m+fp/hard/crtn.o
 *(.text*)
 .text.MX_DMA_Init
                0x0800128c       0x50 ./Core/Src/dma.o
                0x0800128c                MX_DMA_Init
 .text.MX_FMPI2C1_Init
                0x080012dc       0x70 ./Core/Src/fmpi2c.o
                0x080012dc                MX_FMPI2C1_Init
 .text.HAL_FMPI2C_MspInit
                0x0800134c       0xbc ./Core/Src/fmpi2c.o
                0x0800134c                HAL_FMPI2C_MspInit
 .text.HAL_FMPI2C_MspDeInit
                0x08001408       0x3c ./Core/Src/fmpi2c.o
                0x08001408                HAL_FMPI2C_MspDeInit
 .text.MX_GPIO_Init
                0x08001444       0xf0 ./Core/Src/gpio.o
                0x08001444                MX_GPIO_Init
 .text.MX_IWDG_Init
                0x08001534       0x34 ./Core/Src/iwdg.o
                0x08001534                MX_IWDG_Init
 .text.main     0x08001568       0x3c ./Core/Src/main.o
                0x08001568                main
 .text.SystemClock_Config
                0x080015a4       0xd8 ./Core/Src/main.o
                0x080015a4                SystemClock_Config
 .text.Error_Handler
                0x0800167c        0xc ./Core/Src/main.o
                0x0800167c                Error_Handler
 .text.MX_SPI1_Init
                0x08001688       0x70 ./Core/Src/spi.o
                0x08001688                MX_SPI1_Init
 .text.HAL_SPI_MspInit
                0x080016f8       0x90 ./Core/Src/spi.o
                0x080016f8                HAL_SPI_MspInit
 .text.HAL_SPI_MspDeInit
                0x08001788       0x3c ./Core/Src/spi.o
                0x08001788                HAL_SPI_MspDeInit
 .text.HAL_MspInit
                0x080017c4       0x50 ./Core/Src/stm32f4xx_hal_msp.o
                0x080017c4                HAL_MspInit
 .text.NMI_Handler
                0x08001814        0x8 ./Core/Src/stm32f4xx_it.o
                0x08001814                NMI_Handler
 .text.HardFault_Handler
                0x0800181c        0x8 ./Core/Src/stm32f4xx_it.o
                0x0800181c                HardFault_Handler
 .text.MemManage_Handler
                0x08001824        0x8 ./Core/Src/stm32f4xx_it.o
                0x08001824                MemManage_Handler
 .text.BusFault_Handler
                0x0800182c        0x8 ./Core/Src/stm32f4xx_it.o
                0x0800182c                BusFault_Handler
 .text.UsageFault_Handler
                0x08001834        0x8 ./Core/Src/stm32f4xx_it.o
                0x08001834                UsageFault_Handler
 .text.SVC_Handler
                0x0800183c        0xe ./Core/Src/stm32f4xx_it.o
                0x0800183c                SVC_Handler
 .text.DebugMon_Handler
                0x0800184a        0xe ./Core/Src/stm32f4xx_it.o
                0x0800184a                DebugMon_Handler
 .text.PendSV_Handler
                0x08001858        0xe ./Core/Src/stm32f4xx_it.o
                0x08001858                PendSV_Handler
 *fill*         0x08001866        0x2 
 .text.SysTick_Handler
                0x08001868       0xdc ./Core/Src/stm32f4xx_it.o
                0x08001868                SysTick_Handler
 .text.DMA1_Stream5_IRQHandler
                0x08001944       0x14 ./Core/Src/stm32f4xx_it.o
                0x08001944                DMA1_Stream5_IRQHandler
 .text.DMA1_Stream6_IRQHandler
                0x08001958       0x14 ./Core/Src/stm32f4xx_it.o
                0x08001958                DMA1_Stream6_IRQHandler
 .text.TIM3_IRQHandler
                0x0800196c       0x14 ./Core/Src/stm32f4xx_it.o
                0x0800196c                TIM3_IRQHandler
 .text.TIM4_IRQHandler
                0x08001980       0x14 ./Core/Src/stm32f4xx_it.o
                0x08001980                TIM4_IRQHandler
 .text.USART1_IRQHandler
                0x08001994       0x18 ./Core/Src/stm32f4xx_it.o
                0x08001994                USART1_IRQHandler
 .text.USART2_IRQHandler
                0x080019ac       0x14 ./Core/Src/stm32f4xx_it.o
                0x080019ac                USART2_IRQHandler
 .text.initialise_monitor_handles
                0x080019c0        0xe ./Core/Src/syscalls.o
                0x080019c0                initialise_monitor_handles
 .text._getpid  0x080019ce       0x10 ./Core/Src/syscalls.o
                0x080019ce                _getpid
 .text._kill    0x080019de       0x20 ./Core/Src/syscalls.o
                0x080019de                _kill
 .text._exit    0x080019fe       0x16 ./Core/Src/syscalls.o
                0x080019fe                _exit
 .text._read    0x08001a14       0x3a ./Core/Src/syscalls.o
                0x08001a14                _read
 .text._write   0x08001a4e       0x38 ./Core/Src/syscalls.o
                0x08001a4e                _write
 .text._close   0x08001a86       0x18 ./Core/Src/syscalls.o
                0x08001a86                _close
 .text._fstat   0x08001a9e       0x20 ./Core/Src/syscalls.o
                0x08001a9e                _fstat
 .text._isatty  0x08001abe       0x16 ./Core/Src/syscalls.o
                0x08001abe                _isatty
 .text._lseek   0x08001ad4       0x1a ./Core/Src/syscalls.o
                0x08001ad4                _lseek
 .text._open    0x08001aee       0x1c ./Core/Src/syscalls.o
                0x08001aee                _open
 .text._wait    0x08001b0a       0x1e ./Core/Src/syscalls.o
                0x08001b0a                _wait
 .text._unlink  0x08001b28       0x1e ./Core/Src/syscalls.o
                0x08001b28                _unlink
 .text._times   0x08001b46       0x18 ./Core/Src/syscalls.o
                0x08001b46                _times
 .text._stat    0x08001b5e       0x20 ./Core/Src/syscalls.o
                0x08001b5e                _stat
 .text._link    0x08001b7e       0x20 ./Core/Src/syscalls.o
                0x08001b7e                _link
 .text._fork    0x08001b9e       0x16 ./Core/Src/syscalls.o
                0x08001b9e                _fork
 .text._execve  0x08001bb4       0x22 ./Core/Src/syscalls.o
                0x08001bb4                _execve
 *fill*         0x08001bd6        0x2 
 .text._sbrk    0x08001bd8       0x6c ./Core/Src/sysmem.o
                0x08001bd8                _sbrk
 .text.SystemInit
                0x08001c44       0x24 ./Core/Src/system_stm32f4xx.o
                0x08001c44                SystemInit
 .text.SystemCoreClockUpdate
                0x08001c68       0xec ./Core/Src/system_stm32f4xx.o
                0x08001c68                SystemCoreClockUpdate
 .text.MX_TIM3_Init
                0x08001d54       0x9c ./Core/Src/tim.o
                0x08001d54                MX_TIM3_Init
 .text.MX_TIM4_Init
                0x08001df0       0x9c ./Core/Src/tim.o
                0x08001df0                MX_TIM4_Init
 .text.HAL_TIM_Base_MspInit
                0x08001e8c       0x8c ./Core/Src/tim.o
                0x08001e8c                HAL_TIM_Base_MspInit
 .text.HAL_TIM_Base_MspDeInit
                0x08001f18       0x58 ./Core/Src/tim.o
                0x08001f18                HAL_TIM_Base_MspDeInit
 .text.MX_USART1_UART_Init
                0x08001f70       0x54 ./Core/Src/usart.o
                0x08001f70                MX_USART1_UART_Init
 .text.MX_USART2_UART_Init
                0x08001fc4       0x54 ./Core/Src/usart.o
                0x08001fc4                MX_USART2_UART_Init
 .text.HAL_UART_MspInit
                0x08002018      0x1e4 ./Core/Src/usart.o
                0x08002018                HAL_UART_MspInit
 .text.HAL_UART_MspDeInit
                0x080021fc       0x80 ./Core/Src/usart.o
                0x080021fc                HAL_UART_MspDeInit
 .text.Reset_Handler
                0x0800227c       0x50 ./Core/Startup/startup_stm32f412ceux.o
                0x0800227c                Reset_Handler
 .text.Default_Handler
                0x080022cc        0x2 ./Core/Startup/startup_stm32f412ceux.o
                0x080022cc                RTC_Alarm_IRQHandler
                0x080022cc                EXTI2_IRQHandler
                0x080022cc                TIM8_CC_IRQHandler
                0x080022cc                FMPI2C1_EV_IRQHandler
                0x080022cc                SPI4_IRQHandler
                0x080022cc                TIM1_CC_IRQHandler
                0x080022cc                DMA2_Stream5_IRQHandler
                0x080022cc                TIM6_IRQHandler
                0x080022cc                PVD_IRQHandler
                0x080022cc                SDIO_IRQHandler
                0x080022cc                TAMP_STAMP_IRQHandler
                0x080022cc                CAN2_RX1_IRQHandler
                0x080022cc                EXTI3_IRQHandler
                0x080022cc                TIM8_TRG_COM_TIM14_IRQHandler
                0x080022cc                DFSDM1_FLT1_IRQHandler
                0x080022cc                TIM1_UP_TIM10_IRQHandler
                0x080022cc                TIM8_UP_TIM13_IRQHandler
                0x080022cc                I2C3_ER_IRQHandler
                0x080022cc                EXTI0_IRQHandler
                0x080022cc                I2C2_EV_IRQHandler
                0x080022cc                DMA1_Stream2_IRQHandler
                0x080022cc                CAN1_RX0_IRQHandler
                0x080022cc                FPU_IRQHandler
                0x080022cc                CAN2_SCE_IRQHandler
                0x080022cc                DMA2_Stream2_IRQHandler
                0x080022cc                SPI1_IRQHandler
                0x080022cc                TIM1_BRK_TIM9_IRQHandler
                0x080022cc                CAN2_RX0_IRQHandler
                0x080022cc                DMA2_Stream3_IRQHandler
                0x080022cc                USART6_IRQHandler
                0x080022cc                USART3_IRQHandler
                0x080022cc                CAN1_RX1_IRQHandler
                0x080022cc                DMA2_Stream0_IRQHandler
                0x080022cc                I2C1_EV_IRQHandler
                0x080022cc                DMA1_Stream1_IRQHandler
                0x080022cc                RCC_IRQHandler
                0x080022cc                TIM8_BRK_TIM12_IRQHandler
                0x080022cc                Default_Handler
                0x080022cc                EXTI15_10_IRQHandler
                0x080022cc                ADC_IRQHandler
                0x080022cc                DMA1_Stream7_IRQHandler
                0x080022cc                SPI5_IRQHandler
                0x080022cc                TIM7_IRQHandler
                0x080022cc                CAN2_TX_IRQHandler
                0x080022cc                TIM5_IRQHandler
                0x080022cc                DMA2_Stream7_IRQHandler
                0x080022cc                I2C3_EV_IRQHandler
                0x080022cc                EXTI9_5_IRQHandler
                0x080022cc                RTC_WKUP_IRQHandler
                0x080022cc                SPI2_IRQHandler
                0x080022cc                DMA1_Stream0_IRQHandler
                0x080022cc                CAN1_TX_IRQHandler
                0x080022cc                FMPI2C1_ER_IRQHandler
                0x080022cc                EXTI4_IRQHandler
                0x080022cc                RNG_IRQHandler
                0x080022cc                WWDG_IRQHandler
                0x080022cc                TIM2_IRQHandler
                0x080022cc                OTG_FS_WKUP_IRQHandler
                0x080022cc                TIM1_TRG_COM_TIM11_IRQHandler
                0x080022cc                EXTI1_IRQHandler
                0x080022cc                DFSDM1_FLT0_IRQHandler
                0x080022cc                I2C2_ER_IRQHandler
                0x080022cc                DMA2_Stream1_IRQHandler
                0x080022cc                CAN1_SCE_IRQHandler
                0x080022cc                FLASH_IRQHandler
                0x080022cc                DMA2_Stream4_IRQHandler
                0x080022cc                OTG_FS_IRQHandler
                0x080022cc                SPI3_IRQHandler
                0x080022cc                DMA1_Stream4_IRQHandler
                0x080022cc                I2C1_ER_IRQHandler
                0x080022cc                DMA2_Stream6_IRQHandler
                0x080022cc                DMA1_Stream3_IRQHandler
 *fill*         0x080022ce        0x2 
 .text.HAL_Init
                0x080022d0       0x44 ./Drivers/STM32F4xx_HAL_Driver/Src/stm32f4xx_hal.o
                0x080022d0                HAL_Init
 .text.HAL_DeInit
                0x08002314       0x50 ./Drivers/STM32F4xx_HAL_Driver/Src/stm32f4xx_hal.o
                0x08002314                HAL_DeInit
 .text.HAL_MspInit
                0x08002364        0xe ./Drivers/STM32F4xx_HAL_Driver/Src/stm32f4xx_hal.o
 .text.HAL_MspDeInit
                0x08002372        0xe ./Drivers/STM32F4xx_HAL_Driver/Src/stm32f4xx_hal.o
                0x08002372                HAL_MspDeInit
 .text.HAL_InitTick
                0x08002380       0x60 ./Drivers/STM32F4xx_HAL_Driver/Src/stm32f4xx_hal.o
                0x08002380                HAL_InitTick
 .text.HAL_IncTick
                0x080023e0       0x28 ./Drivers/STM32F4xx_HAL_Driver/Src/stm32f4xx_hal.o
                0x080023e0                HAL_IncTick
 .text.HAL_GetTick
                0x08002408       0x18 ./Drivers/STM32F4xx_HAL_Driver/Src/stm32f4xx_hal.o
                0x08002408                HAL_GetTick
 .text.HAL_GetTickPrio
                0x08002420       0x18 ./Drivers/STM32F4xx_HAL_Driver/Src/stm32f4xx_hal.o
                0x08002420                HAL_GetTickPrio
 .text.HAL_SetTickFreq
                0x08002438       0x50 ./Drivers/STM32F4xx_HAL_Driver/Src/stm32f4xx_hal.o
                0x08002438                HAL_SetTickFreq
 .text.HAL_GetTickFreq
                0x08002488       0x18 ./Drivers/STM32F4xx_HAL_Driver/Src/stm32f4xx_hal.o
                0x08002488                HAL_GetTickFreq
 .text.HAL_Delay
                0x080024a0       0x48 ./Drivers/STM32F4xx_HAL_Driver/Src/stm32f4xx_hal.o
                0x080024a0                HAL_Delay
 .text.HAL_SuspendTick
                0x080024e8       0x20 ./Drivers/STM32F4xx_HAL_Driver/Src/stm32f4xx_hal.o
                0x080024e8                HAL_SuspendTick
 .text.HAL_ResumeTick
                0x08002508       0x20 ./Drivers/STM32F4xx_HAL_Driver/Src/stm32f4xx_hal.o
                0x08002508                HAL_ResumeTick
 .text.HAL_GetHalVersion
                0x08002528       0x14 ./Drivers/STM32F4xx_HAL_Driver/Src/stm32f4xx_hal.o
                0x08002528                HAL_GetHalVersion
 .text.HAL_GetREVID
                0x0800253c       0x18 ./Drivers/STM32F4xx_HAL_Driver/Src/stm32f4xx_hal.o
                0x0800253c                HAL_GetREVID
 .text.HAL_GetDEVID
                0x08002554       0x1c ./Drivers/STM32F4xx_HAL_Driver/Src/stm32f4xx_hal.o
                0x08002554                HAL_GetDEVID
 .text.HAL_DBGMCU_EnableDBGSleepMode
                0x08002570       0x20 ./Drivers/STM32F4xx_HAL_Driver/Src/stm32f4xx_hal.o
                0x08002570                HAL_DBGMCU_EnableDBGSleepMode
 .text.HAL_DBGMCU_DisableDBGSleepMode
                0x08002590       0x20 ./Drivers/STM32F4xx_HAL_Driver/Src/stm32f4xx_hal.o
                0x08002590                HAL_DBGMCU_DisableDBGSleepMode
 .text.HAL_DBGMCU_EnableDBGStopMode
                0x080025b0       0x20 ./Drivers/STM32F4xx_HAL_Driver/Src/stm32f4xx_hal.o
                0x080025b0                HAL_DBGMCU_EnableDBGStopMode
 .text.HAL_DBGMCU_DisableDBGStopMode
                0x080025d0       0x20 ./Drivers/STM32F4xx_HAL_Driver/Src/stm32f4xx_hal.o
                0x080025d0                HAL_DBGMCU_DisableDBGStopMode
 .text.HAL_DBGMCU_EnableDBGStandbyMode
                0x080025f0       0x20 ./Drivers/STM32F4xx_HAL_Driver/Src/stm32f4xx_hal.o
                0x080025f0                HAL_DBGMCU_EnableDBGStandbyMode
 .text.HAL_DBGMCU_DisableDBGStandbyMode
                0x08002610       0x20 ./Drivers/STM32F4xx_HAL_Driver/Src/stm32f4xx_hal.o
                0x08002610                HAL_DBGMCU_DisableDBGStandbyMode
 .text.HAL_EnableCompensationCell
                0x08002630       0x18 ./Drivers/STM32F4xx_HAL_Driver/Src/stm32f4xx_hal.o
                0x08002630                HAL_EnableCompensationCell
 .text.HAL_DisableCompensationCell
                0x08002648       0x18 ./Drivers/STM32F4xx_HAL_Driver/Src/stm32f4xx_hal.o
                0x08002648                HAL_DisableCompensationCell
 .text.HAL_GetUIDw0
                0x08002660       0x18 ./Drivers/STM32F4xx_HAL_Driver/Src/stm32f4xx_hal.o
                0x08002660                HAL_GetUIDw0
 .text.HAL_GetUIDw1
                0x08002678       0x18 ./Drivers/STM32F4xx_HAL_Driver/Src/stm32f4xx_hal.o
                0x08002678                HAL_GetUIDw1
 .text.HAL_GetUIDw2
                0x08002690       0x18 ./Drivers/STM32F4xx_HAL_Driver/Src/stm32f4xx_hal.o
                0x08002690                HAL_GetUIDw2
 .text.__NVIC_SetPriorityGrouping
                0x080026a8       0x48 ./Drivers/STM32F4xx_HAL_Driver/Src/stm32f4xx_hal_cortex.o
 .text.__NVIC_GetPriorityGrouping
                0x080026f0       0x1c ./Drivers/STM32F4xx_HAL_Driver/Src/stm32f4xx_hal_cortex.o
 .text.__NVIC_EnableIRQ
                0x0800270c       0x3c ./Drivers/STM32F4xx_HAL_Driver/Src/stm32f4xx_hal_cortex.o
 .text.__NVIC_DisableIRQ
                0x08002748       0x48 ./Drivers/STM32F4xx_HAL_Driver/Src/stm32f4xx_hal_cortex.o
 .text.__NVIC_GetPendingIRQ
                0x08002790       0x44 ./Drivers/STM32F4xx_HAL_Driver/Src/stm32f4xx_hal_cortex.o
 .text.__NVIC_SetPendingIRQ
                0x080027d4       0x3c ./Drivers/STM32F4xx_HAL_Driver/Src/stm32f4xx_hal_cortex.o
 .text.__NVIC_ClearPendingIRQ
                0x08002810       0x3c ./Drivers/STM32F4xx_HAL_Driver/Src/stm32f4xx_hal_cortex.o
 .text.__NVIC_GetActive
                0x0800284c       0x44 ./Drivers/STM32F4xx_HAL_Driver/Src/stm32f4xx_hal_cortex.o
 .text.__NVIC_SetPriority
                0x08002890       0x54 ./Drivers/STM32F4xx_HAL_Driver/Src/stm32f4xx_hal_cortex.o
 .text.__NVIC_GetPriority
                0x080028e4       0x50 ./Drivers/STM32F4xx_HAL_Driver/Src/stm32f4xx_hal_cortex.o
 .text.NVIC_EncodePriority
                0x08002934       0x66 ./Drivers/STM32F4xx_HAL_Driver/Src/stm32f4xx_hal_cortex.o
 .text.NVIC_DecodePriority
                0x0800299a       0x6e ./Drivers/STM32F4xx_HAL_Driver/Src/stm32f4xx_hal_cortex.o
 .text.__NVIC_SystemReset
                0x08002a08       0x2c ./Drivers/STM32F4xx_HAL_Driver/Src/stm32f4xx_hal_cortex.o
 .text.SysTick_Config
                0x08002a34       0x44 ./Drivers/STM32F4xx_HAL_Driver/Src/stm32f4xx_hal_cortex.o
 .text.HAL_NVIC_SetPriorityGrouping
                0x08002a78       0x16 ./Drivers/STM32F4xx_HAL_Driver/Src/stm32f4xx_hal_cortex.o
                0x08002a78                HAL_NVIC_SetPriorityGrouping
 .text.HAL_NVIC_SetPriority
                0x08002a8e       0x38 ./Drivers/STM32F4xx_HAL_Driver/Src/stm32f4xx_hal_cortex.o
                0x08002a8e                HAL_NVIC_SetPriority
 .text.HAL_NVIC_EnableIRQ
                0x08002ac6       0x1c ./Drivers/STM32F4xx_HAL_Driver/Src/stm32f4xx_hal_cortex.o
                0x08002ac6                HAL_NVIC_EnableIRQ
 .text.HAL_NVIC_DisableIRQ
                0x08002ae2       0x1c ./Drivers/STM32F4xx_HAL_Driver/Src/stm32f4xx_hal_cortex.o
                0x08002ae2                HAL_NVIC_DisableIRQ
 .text.HAL_NVIC_SystemReset
                0x08002afe        0x8 ./Drivers/STM32F4xx_HAL_Driver/Src/stm32f4xx_hal_cortex.o
                0x08002afe                HAL_NVIC_SystemReset
 .text.HAL_SYSTICK_Config
                0x08002b06       0x18 ./Drivers/STM32F4xx_HAL_Driver/Src/stm32f4xx_hal_cortex.o
                0x08002b06                HAL_SYSTICK_Config
 *fill*         0x08002b1e        0x2 
 .text.HAL_MPU_Disable
                0x08002b20       0x30 ./Drivers/STM32F4xx_HAL_Driver/Src/stm32f4xx_hal_cortex.o
                0x08002b20                HAL_MPU_Disable
 .text.HAL_MPU_Enable
                0x08002b50       0x40 ./Drivers/STM32F4xx_HAL_Driver/Src/stm32f4xx_hal_cortex.o
                0x08002b50                HAL_MPU_Enable
 .text.HAL_MPU_EnableRegion
                0x08002b90       0x2c ./Drivers/STM32F4xx_HAL_Driver/Src/stm32f4xx_hal_cortex.o
                0x08002b90                HAL_MPU_EnableRegion
 .text.HAL_MPU_DisableRegion
                0x08002bbc       0x2c ./Drivers/STM32F4xx_HAL_Driver/Src/stm32f4xx_hal_cortex.o
                0x08002bbc                HAL_MPU_DisableRegion
 .text.HAL_MPU_ConfigRegion
                0x08002be8       0x80 ./Drivers/STM32F4xx_HAL_Driver/Src/stm32f4xx_hal_cortex.o
                0x08002be8                HAL_MPU_ConfigRegion
 .text.HAL_CORTEX_ClearEvent
                0x08002c68       0x12 ./Drivers/STM32F4xx_HAL_Driver/Src/stm32f4xx_hal_cortex.o
                0x08002c68                HAL_CORTEX_ClearEvent
 .text.HAL_NVIC_GetPriorityGrouping
                0x08002c7a        0xe ./Drivers/STM32F4xx_HAL_Driver/Src/stm32f4xx_hal_cortex.o
                0x08002c7a                HAL_NVIC_GetPriorityGrouping
 .text.HAL_NVIC_GetPriority
                0x08002c88       0x2c ./Drivers/STM32F4xx_HAL_Driver/Src/stm32f4xx_hal_cortex.o
                0x08002c88                HAL_NVIC_GetPriority
 .text.HAL_NVIC_SetPendingIRQ
                0x08002cb4       0x1c ./Drivers/STM32F4xx_HAL_Driver/Src/stm32f4xx_hal_cortex.o
                0x08002cb4                HAL_NVIC_SetPendingIRQ
 .text.HAL_NVIC_GetPendingIRQ
                0x08002cd0       0x1e ./Drivers/STM32F4xx_HAL_Driver/Src/stm32f4xx_hal_cortex.o
                0x08002cd0                HAL_NVIC_GetPendingIRQ
 .text.HAL_NVIC_ClearPendingIRQ
                0x08002cee       0x1c ./Drivers/STM32F4xx_HAL_Driver/Src/stm32f4xx_hal_cortex.o
                0x08002cee                HAL_NVIC_ClearPendingIRQ
 .text.HAL_NVIC_GetActive
                0x08002d0a       0x1e ./Drivers/STM32F4xx_HAL_Driver/Src/stm32f4xx_hal_cortex.o
                0x08002d0a                HAL_NVIC_GetActive
 .text.HAL_SYSTICK_CLKSourceConfig
                0x08002d28       0x38 ./Drivers/STM32F4xx_HAL_Driver/Src/stm32f4xx_hal_cortex.o
                0x08002d28                HAL_SYSTICK_CLKSourceConfig
 .text.HAL_SYSTICK_IRQHandler
                0x08002d60        0xc ./Drivers/STM32F4xx_HAL_Driver/Src/stm32f4xx_hal_cortex.o
                0x08002d60                HAL_SYSTICK_IRQHandler
 .text.HAL_SYSTICK_Callback
                0x08002d6c        0xe ./Drivers/STM32F4xx_HAL_Driver/Src/stm32f4xx_hal_cortex.o
                0x08002d6c                HAL_SYSTICK_Callback
 *fill*         0x08002d7a        0x2 
 .text.HAL_DMA_Init
                0x08002d7c      0x15c ./Drivers/STM32F4xx_HAL_Driver/Src/stm32f4xx_hal_dma.o
                0x08002d7c                HAL_DMA_Init
 .text.HAL_DMA_DeInit
                0x08002ed8       0xbc ./Drivers/STM32F4xx_HAL_Driver/Src/stm32f4xx_hal_dma.o
                0x08002ed8                HAL_DMA_DeInit
 .text.HAL_DMA_Start
                0x08002f94       0x76 ./Drivers/STM32F4xx_HAL_Driver/Src/stm32f4xx_hal_dma.o
                0x08002f94                HAL_DMA_Start
 .text.HAL_DMA_Start_IT
                0x0800300a       0xb0 ./Drivers/STM32F4xx_HAL_Driver/Src/stm32f4xx_hal_dma.o
                0x0800300a                HAL_DMA_Start_IT
 .text.HAL_DMA_Abort
                0x080030ba       0xe0 ./Drivers/STM32F4xx_HAL_Driver/Src/stm32f4xx_hal_dma.o
                0x080030ba                HAL_DMA_Abort
 .text.HAL_DMA_Abort_IT
                0x0800319a       0x44 ./Drivers/STM32F4xx_HAL_Driver/Src/stm32f4xx_hal_dma.o
                0x0800319a                HAL_DMA_Abort_IT
 .text.HAL_DMA_PollForTransfer
                0x080031de      0x1be ./Drivers/STM32F4xx_HAL_Driver/Src/stm32f4xx_hal_dma.o
                0x080031de                HAL_DMA_PollForTransfer
 .text.HAL_DMA_IRQHandler
                0x0800339c      0x314 ./Drivers/STM32F4xx_HAL_Driver/Src/stm32f4xx_hal_dma.o
                0x0800339c                HAL_DMA_IRQHandler
 .text.HAL_DMA_RegisterCallback
                0x080036b0       0xa8 ./Drivers/STM32F4xx_HAL_Driver/Src/stm32f4xx_hal_dma.o
                0x080036b0                HAL_DMA_RegisterCallback
 .text.HAL_DMA_UnRegisterCallback
                0x08003758       0xd4 ./Drivers/STM32F4xx_HAL_Driver/Src/stm32f4xx_hal_dma.o
                0x08003758                HAL_DMA_UnRegisterCallback
 .text.HAL_DMA_GetState
                0x0800382c       0x1c ./Drivers/STM32F4xx_HAL_Driver/Src/stm32f4xx_hal_dma.o
                0x0800382c                HAL_DMA_GetState
 .text.HAL_DMA_GetError
                0x08003848       0x18 ./Drivers/STM32F4xx_HAL_Driver/Src/stm32f4xx_hal_dma.o
                0x08003848                HAL_DMA_GetError
 .text.DMA_SetConfig
                0x08003860       0x5c ./Drivers/STM32F4xx_HAL_Driver/Src/stm32f4xx_hal_dma.o
 .text.DMA_CalcBaseAndBitshift
                0x080038bc       0x6c ./Drivers/STM32F4xx_HAL_Driver/Src/stm32f4xx_hal_dma.o
 .text.DMA_CheckFifoParam
                0x08003928       0xf8 ./Drivers/STM32F4xx_HAL_Driver/Src/stm32f4xx_hal_dma.o
 .text.HAL_DMAEx_MultiBufferStart
                0x08003a20       0x96 ./Drivers/STM32F4xx_HAL_Driver/Src/stm32f4xx_hal_dma_ex.o
                0x08003a20                HAL_DMAEx_MultiBufferStart
 *fill*         0x08003ab6        0x2 
 .text.HAL_DMAEx_MultiBufferStart_IT
                0x08003ab8     0x1290 ./Drivers/STM32F4xx_HAL_Driver/Src/stm32f4xx_hal_dma_ex.o
                0x08003ab8                HAL_DMAEx_MultiBufferStart_IT
 .text.HAL_DMAEx_ChangeMemory
                0x08004d48       0x34 ./Drivers/STM32F4xx_HAL_Driver/Src/stm32f4xx_hal_dma_ex.o
                0x08004d48                HAL_DMAEx_ChangeMemory
 .text.DMA_MultiBufferSetConfig
                0x08004d7c       0x4c ./Drivers/STM32F4xx_HAL_Driver/Src/stm32f4xx_hal_dma_ex.o
 .text.HAL_EXTI_SetConfigLine
                0x08004dc8      0x150 ./Drivers/STM32F4xx_HAL_Driver/Src/stm32f4xx_hal_exti.o
                0x08004dc8                HAL_EXTI_SetConfigLine
 .text.HAL_EXTI_GetConfigLine
                0x08004f18       0xf4 ./Drivers/STM32F4xx_HAL_Driver/Src/stm32f4xx_hal_exti.o
                0x08004f18                HAL_EXTI_GetConfigLine
 .text.HAL_EXTI_ClearConfigLine
                0x0800500c       0xc0 ./Drivers/STM32F4xx_HAL_Driver/Src/stm32f4xx_hal_exti.o
                0x0800500c                HAL_EXTI_ClearConfigLine
 .text.HAL_EXTI_RegisterCallback
                0x080050cc       0x34 ./Drivers/STM32F4xx_HAL_Driver/Src/stm32f4xx_hal_exti.o
                0x080050cc                HAL_EXTI_RegisterCallback
 .text.HAL_EXTI_GetHandle
                0x08005100       0x28 ./Drivers/STM32F4xx_HAL_Driver/Src/stm32f4xx_hal_exti.o
                0x08005100                HAL_EXTI_GetHandle
 .text.HAL_EXTI_IRQHandler
                0x08005128       0x48 ./Drivers/STM32F4xx_HAL_Driver/Src/stm32f4xx_hal_exti.o
                0x08005128                HAL_EXTI_IRQHandler
 .text.HAL_EXTI_GetPending
                0x08005170       0x40 ./Drivers/STM32F4xx_HAL_Driver/Src/stm32f4xx_hal_exti.o
                0x08005170                HAL_EXTI_GetPending
 .text.HAL_EXTI_ClearPending
                0x080051b0       0x30 ./Drivers/STM32F4xx_HAL_Driver/Src/stm32f4xx_hal_exti.o
                0x080051b0                HAL_EXTI_ClearPending
 .text.HAL_EXTI_GenerateSWI
                0x080051e0       0x30 ./Drivers/STM32F4xx_HAL_Driver/Src/stm32f4xx_hal_exti.o
                0x080051e0                HAL_EXTI_GenerateSWI
 .text.HAL_FLASH_Program
                0x08005210       0xa4 ./Drivers/STM32F4xx_HAL_Driver/Src/stm32f4xx_hal_flash.o
                0x08005210                HAL_FLASH_Program
 .text.HAL_FLASH_Program_IT
                0x080052b4       0x88 ./Drivers/STM32F4xx_HAL_Driver/Src/stm32f4xx_hal_flash.o
                0x080052b4                HAL_FLASH_Program_IT
 .text.HAL_FLASH_IRQHandler
                0x0800533c      0x138 ./Drivers/STM32F4xx_HAL_Driver/Src/stm32f4xx_hal_flash.o
                0x0800533c                HAL_FLASH_IRQHandler
 .text.HAL_FLASH_EndOfOperationCallback
                0x08005474       0x14 ./Drivers/STM32F4xx_HAL_Driver/Src/stm32f4xx_hal_flash.o
                0x08005474                HAL_FLASH_EndOfOperationCallback
 .text.HAL_FLASH_OperationErrorCallback
                0x08005488       0x14 ./Drivers/STM32F4xx_HAL_Driver/Src/stm32f4xx_hal_flash.o
                0x08005488                HAL_FLASH_OperationErrorCallback
 .text.HAL_FLASH_Unlock
                0x0800549c       0x44 ./Drivers/STM32F4xx_HAL_Driver/Src/stm32f4xx_hal_flash.o
                0x0800549c                HAL_FLASH_Unlock
 .text.HAL_FLASH_Lock
                0x080054e0       0x20 ./Drivers/STM32F4xx_HAL_Driver/Src/stm32f4xx_hal_flash.o
                0x080054e0                HAL_FLASH_Lock
 .text.HAL_FLASH_OB_Unlock
                0x08005500       0x38 ./Drivers/STM32F4xx_HAL_Driver/Src/stm32f4xx_hal_flash.o
                0x08005500                HAL_FLASH_OB_Unlock
 .text.HAL_FLASH_OB_Lock
                0x08005538       0x20 ./Drivers/STM32F4xx_HAL_Driver/Src/stm32f4xx_hal_flash.o
                0x08005538                HAL_FLASH_OB_Lock
 .text.HAL_FLASH_OB_Launch
                0x08005558       0x28 ./Drivers/STM32F4xx_HAL_Driver/Src/stm32f4xx_hal_flash.o
                0x08005558                HAL_FLASH_OB_Launch
 .text.HAL_FLASH_GetError
                0x08005580       0x18 ./Drivers/STM32F4xx_HAL_Driver/Src/stm32f4xx_hal_flash.o
                0x08005580                HAL_FLASH_GetError
 .text.FLASH_WaitForLastOperation
                0x08005598       0x80 ./Drivers/STM32F4xx_HAL_Driver/Src/stm32f4xx_hal_flash.o
                0x08005598                FLASH_WaitForLastOperation
 .text.FLASH_Program_DoubleWord
                0x08005618       0x64 ./Drivers/STM32F4xx_HAL_Driver/Src/stm32f4xx_hal_flash.o
 .text.FLASH_Program_Word
                0x0800567c       0x44 ./Drivers/STM32F4xx_HAL_Driver/Src/stm32f4xx_hal_flash.o
 .text.FLASH_Program_HalfWord
                0x080056c0       0x48 ./Drivers/STM32F4xx_HAL_Driver/Src/stm32f4xx_hal_flash.o
 .text.FLASH_Program_Byte
                0x08005708       0x44 ./Drivers/STM32F4xx_HAL_Driver/Src/stm32f4xx_hal_flash.o
 .text.FLASH_SetErrorCode
                0x0800574c       0xcc ./Drivers/STM32F4xx_HAL_Driver/Src/stm32f4xx_hal_flash.o
 .text.HAL_FLASHEx_Erase
                0x08005818       0xdc ./Drivers/STM32F4xx_HAL_Driver/Src/stm32f4xx_hal_flash_ex.o
                0x08005818                HAL_FLASHEx_Erase
 .text.HAL_FLASHEx_Erase_IT
                0x080058f4       0x98 ./Drivers/STM32F4xx_HAL_Driver/Src/stm32f4xx_hal_flash_ex.o
                0x080058f4                HAL_FLASHEx_Erase_IT
 .text.HAL_FLASHEx_OBProgram
                0x0800598c       0xdc ./Drivers/STM32F4xx_HAL_Driver/Src/stm32f4xx_hal_flash_ex.o
                0x0800598c                HAL_FLASHEx_OBProgram
 .text.HAL_FLASHEx_OBGetConfig
                0x08005a68       0x46 ./Drivers/STM32F4xx_HAL_Driver/Src/stm32f4xx_hal_flash_ex.o
                0x08005a68                HAL_FLASHEx_OBGetConfig
 .text.HAL_FLASHEx_AdvOBProgram
                0x08005aae       0x48 ./Drivers/STM32F4xx_HAL_Driver/Src/stm32f4xx_hal_flash_ex.o
                0x08005aae                HAL_FLASHEx_AdvOBProgram
 *fill*         0x08005af6        0x2 
 .text.HAL_FLASHEx_AdvOBGetConfig
                0x08005af8       0x24 ./Drivers/STM32F4xx_HAL_Driver/Src/stm32f4xx_hal_flash_ex.o
                0x08005af8                HAL_FLASHEx_AdvOBGetConfig
 .text.HAL_FLASHEx_OB_SelectPCROP
                0x08005b1c       0x30 ./Drivers/STM32F4xx_HAL_Driver/Src/stm32f4xx_hal_flash_ex.o
                0x08005b1c                HAL_FLASHEx_OB_SelectPCROP
 .text.HAL_FLASHEx_OB_DeSelectPCROP
                0x08005b4c       0x2c ./Drivers/STM32F4xx_HAL_Driver/Src/stm32f4xx_hal_flash_ex.o
                0x08005b4c                HAL_FLASHEx_OB_DeSelectPCROP
 .text.FLASH_MassErase
                0x08005b78       0x48 ./Drivers/STM32F4xx_HAL_Driver/Src/stm32f4xx_hal_flash_ex.o
 .text.FLASH_Erase_Sector
                0x08005bc0       0x90 ./Drivers/STM32F4xx_HAL_Driver/Src/stm32f4xx_hal_flash_ex.o
                0x08005bc0                FLASH_Erase_Sector
 .text.FLASH_OB_EnableWRP
                0x08005c50       0x44 ./Drivers/STM32F4xx_HAL_Driver/Src/stm32f4xx_hal_flash_ex.o
 .text.FLASH_OB_DisableWRP
                0x08005c94       0x40 ./Drivers/STM32F4xx_HAL_Driver/Src/stm32f4xx_hal_flash_ex.o
 .text.FLASH_OB_EnablePCROP
                0x08005cd4       0x40 ./Drivers/STM32F4xx_HAL_Driver/Src/stm32f4xx_hal_flash_ex.o
 .text.FLASH_OB_DisablePCROP
                0x08005d14       0x44 ./Drivers/STM32F4xx_HAL_Driver/Src/stm32f4xx_hal_flash_ex.o
 .text.FLASH_OB_RDP_LevelConfig
                0x08005d58       0x34 ./Drivers/STM32F4xx_HAL_Driver/Src/stm32f4xx_hal_flash_ex.o
 .text.FLASH_OB_UserConfig
                0x08005d8c       0x5c ./Drivers/STM32F4xx_HAL_Driver/Src/stm32f4xx_hal_flash_ex.o
 .text.FLASH_OB_BOR_LevelConfig
                0x08005de8       0x3c ./Drivers/STM32F4xx_HAL_Driver/Src/stm32f4xx_hal_flash_ex.o
 .text.FLASH_OB_GetUser
                0x08005e24       0x20 ./Drivers/STM32F4xx_HAL_Driver/Src/stm32f4xx_hal_flash_ex.o
 .text.FLASH_OB_GetWRP
                0x08005e44       0x18 ./Drivers/STM32F4xx_HAL_Driver/Src/stm32f4xx_hal_flash_ex.o
 .text.FLASH_OB_GetRDP
                0x08005e5c       0x40 ./Drivers/STM32F4xx_HAL_Driver/Src/stm32f4xx_hal_flash_ex.o
 .text.FLASH_OB_GetBOR
                0x08005e9c       0x20 ./Drivers/STM32F4xx_HAL_Driver/Src/stm32f4xx_hal_flash_ex.o
 .text.FLASH_FlushCaches
                0x08005ebc       0x8c ./Drivers/STM32F4xx_HAL_Driver/Src/stm32f4xx_hal_flash_ex.o
                0x08005ebc                FLASH_FlushCaches
 .text.HAL_FMPI2C_Init
                0x08005f48      0x136 ./Drivers/STM32F4xx_HAL_Driver/Src/stm32f4xx_hal_fmpi2c.o
                0x08005f48                HAL_FMPI2C_Init
 .text.HAL_FMPI2C_DeInit
                0x0800607e       0x5e ./Drivers/STM32F4xx_HAL_Driver/Src/stm32f4xx_hal_fmpi2c.o
                0x0800607e                HAL_FMPI2C_DeInit
 .text.HAL_FMPI2C_MspInit
                0x080060dc       0x14 ./Drivers/STM32F4xx_HAL_Driver/Src/stm32f4xx_hal_fmpi2c.o
 .text.HAL_FMPI2C_MspDeInit
                0x080060f0       0x14 ./Drivers/STM32F4xx_HAL_Driver/Src/stm32f4xx_hal_fmpi2c.o
 .text.HAL_FMPI2C_Master_Transmit
                0x08006104      0x230 ./Drivers/STM32F4xx_HAL_Driver/Src/stm32f4xx_hal_fmpi2c.o
                0x08006104                HAL_FMPI2C_Master_Transmit
 .text.HAL_FMPI2C_Master_Receive
                0x08006334      0x1ec ./Drivers/STM32F4xx_HAL_Driver/Src/stm32f4xx_hal_fmpi2c.o
                0x08006334                HAL_FMPI2C_Master_Receive
 .text.HAL_FMPI2C_Slave_Transmit
                0x08006520      0x288 ./Drivers/STM32F4xx_HAL_Driver/Src/stm32f4xx_hal_fmpi2c.o
                0x08006520                HAL_FMPI2C_Slave_Transmit
 .text.HAL_FMPI2C_Slave_Receive
                0x080067a8      0x220 ./Drivers/STM32F4xx_HAL_Driver/Src/stm32f4xx_hal_fmpi2c.o
                0x080067a8                HAL_FMPI2C_Slave_Receive
 .text.HAL_FMPI2C_Master_Transmit_IT
                0x080069c8      0x130 ./Drivers/STM32F4xx_HAL_Driver/Src/stm32f4xx_hal_fmpi2c.o
                0x080069c8                HAL_FMPI2C_Master_Transmit_IT
 .text.HAL_FMPI2C_Master_Receive_IT
                0x08006af8       0xe0 ./Drivers/STM32F4xx_HAL_Driver/Src/stm32f4xx_hal_fmpi2c.o
                0x08006af8                HAL_FMPI2C_Master_Receive_IT
 .text.HAL_FMPI2C_Slave_Transmit_IT
                0x08006bd8       0xdc ./Drivers/STM32F4xx_HAL_Driver/Src/stm32f4xx_hal_fmpi2c.o
                0x08006bd8                HAL_FMPI2C_Slave_Transmit_IT
 .text.HAL_FMPI2C_Slave_Receive_IT
                0x08006cb4       0xa0 ./Drivers/STM32F4xx_HAL_Driver/Src/stm32f4xx_hal_fmpi2c.o
                0x08006cb4                HAL_FMPI2C_Slave_Receive_IT
 .text.HAL_FMPI2C_Master_Transmit_DMA
                0x08006d54      0x228 ./Drivers/STM32F4xx_HAL_Driver/Src/stm32f4xx_hal_fmpi2c.o
                0x08006d54                HAL_FMPI2C_Master_Transmit_DMA
 .text.HAL_FMPI2C_Master_Receive_DMA
                0x08006f7c      0x1e0 ./Drivers/STM32F4xx_HAL_Driver/Src/stm32f4xx_hal_fmpi2c.o
                0x08006f7c                HAL_FMPI2C_Master_Receive_DMA
 .text.HAL_FMPI2C_Slave_Transmit_DMA
                0x0800715c      0x1d8 ./Drivers/STM32F4xx_HAL_Driver/Src/stm32f4xx_hal_fmpi2c.o
                0x0800715c                HAL_FMPI2C_Slave_Transmit_DMA
 .text.HAL_FMPI2C_Slave_Receive_DMA
                0x08007334      0x16c ./Drivers/STM32F4xx_HAL_Driver/Src/stm32f4xx_hal_fmpi2c.o
                0x08007334                HAL_FMPI2C_Slave_Receive_DMA
 .text.HAL_FMPI2C_Mem_Write
                0x080074a0      0x228 ./Drivers/STM32F4xx_HAL_Driver/Src/stm32f4xx_hal_fmpi2c.o
                0x080074a0                HAL_FMPI2C_Mem_Write
 .text.HAL_FMPI2C_Mem_Read
                0x080076c8      0x234 ./Drivers/STM32F4xx_HAL_Driver/Src/stm32f4xx_hal_fmpi2c.o
                0x080076c8                HAL_FMPI2C_Mem_Read
 .text.HAL_FMPI2C_Mem_Write_IT
                0x080078fc      0x114 ./Drivers/STM32F4xx_HAL_Driver/Src/stm32f4xx_hal_fmpi2c.o
                0x080078fc                HAL_FMPI2C_Mem_Write_IT
 .text.HAL_FMPI2C_Mem_Read_IT
                0x08007a10      0x10c ./Drivers/STM32F4xx_HAL_Driver/Src/stm32f4xx_hal_fmpi2c.o
                0x08007a10                HAL_FMPI2C_Mem_Read_IT
 .text.HAL_FMPI2C_Mem_Write_DMA
                0x08007b1c      0x1cc ./Drivers/STM32F4xx_HAL_Driver/Src/stm32f4xx_hal_fmpi2c.o
                0x08007b1c                HAL_FMPI2C_Mem_Write_DMA
 .text.HAL_FMPI2C_Mem_Read_DMA
                0x08007ce8      0x1cc ./Drivers/STM32F4xx_HAL_Driver/Src/stm32f4xx_hal_fmpi2c.o
                0x08007ce8                HAL_FMPI2C_Mem_Read_DMA
 .text.HAL_FMPI2C_IsDeviceReady
                0x08007eb4      0x1d8 ./Drivers/STM32F4xx_HAL_Driver/Src/stm32f4xx_hal_fmpi2c.o
                0x08007eb4                HAL_FMPI2C_IsDeviceReady
 .text.HAL_FMPI2C_Master_Seq_Transmit_IT
                0x0800808c      0x17c ./Drivers/STM32F4xx_HAL_Driver/Src/stm32f4xx_hal_fmpi2c.o
                0x0800808c                HAL_FMPI2C_Master_Seq_Transmit_IT
 .text.HAL_FMPI2C_Master_Seq_Transmit_DMA
                0x08008208      0x2a0 ./Drivers/STM32F4xx_HAL_Driver/Src/stm32f4xx_hal_fmpi2c.o
                0x08008208                HAL_FMPI2C_Master_Seq_Transmit_DMA
 .text.HAL_FMPI2C_Master_Seq_Receive_IT
                0x080084a8      0x108 ./Drivers/STM32F4xx_HAL_Driver/Src/stm32f4xx_hal_fmpi2c.o
                0x080084a8                HAL_FMPI2C_Master_Seq_Receive_IT
 .text.HAL_FMPI2C_Master_Seq_Receive_DMA
                0x080085b0      0x208 ./Drivers/STM32F4xx_HAL_Driver/Src/stm32f4xx_hal_fmpi2c.o
                0x080085b0                HAL_FMPI2C_Master_Seq_Receive_DMA
 .text.HAL_FMPI2C_Slave_Seq_Transmit_IT
                0x080087b8      0x164 ./Drivers/STM32F4xx_HAL_Driver/Src/stm32f4xx_hal_fmpi2c.o
                0x080087b8                HAL_FMPI2C_Slave_Seq_Transmit_IT
 .text.HAL_FMPI2C_Slave_Seq_Transmit_DMA
                0x0800891c      0x28c ./Drivers/STM32F4xx_HAL_Driver/Src/stm32f4xx_hal_fmpi2c.o
                0x0800891c                HAL_FMPI2C_Slave_Seq_Transmit_DMA
 .text.HAL_FMPI2C_Slave_Seq_Receive_IT
                0x08008ba8      0x164 ./Drivers/STM32F4xx_HAL_Driver/Src/stm32f4xx_hal_fmpi2c.o
                0x08008ba8                HAL_FMPI2C_Slave_Seq_Receive_IT
 .text.HAL_FMPI2C_Slave_Seq_Receive_DMA
                0x08008d0c      0x28c ./Drivers/STM32F4xx_HAL_Driver/Src/stm32f4xx_hal_fmpi2c.o
                0x08008d0c                HAL_FMPI2C_Slave_Seq_Receive_DMA
 .text.HAL_FMPI2C_EnableListen_IT
                0x08008f98       0x40 ./Drivers/STM32F4xx_HAL_Driver/Src/stm32f4xx_hal_fmpi2c.o
                0x08008f98                HAL_FMPI2C_EnableListen_IT
 .text.HAL_FMPI2C_DisableListen_IT
                0x08008fd8       0x62 ./Drivers/STM32F4xx_HAL_Driver/Src/stm32f4xx_hal_fmpi2c.o
                0x08008fd8                HAL_FMPI2C_DisableListen_IT
 *fill*         0x0800903a        0x2 
 .text.HAL_FMPI2C_Master_Abort_IT
                0x0800903c       0xa0 ./Drivers/STM32F4xx_HAL_Driver/Src/stm32f4xx_hal_fmpi2c.o
                0x0800903c                HAL_FMPI2C_Master_Abort_IT
 .text.HAL_FMPI2C_EV_IRQHandler
                0x080090dc       0x34 ./Drivers/STM32F4xx_HAL_Driver/Src/stm32f4xx_hal_fmpi2c.o
                0x080090dc                HAL_FMPI2C_EV_IRQHandler
 .text.HAL_FMPI2C_ER_IRQHandler
                0x08009110       0xc2 ./Drivers/STM32F4xx_HAL_Driver/Src/stm32f4xx_hal_fmpi2c.o
                0x08009110                HAL_FMPI2C_ER_IRQHandler
 .text.HAL_FMPI2C_MasterTxCpltCallback
                0x080091d2       0x14 ./Drivers/STM32F4xx_HAL_Driver/Src/stm32f4xx_hal_fmpi2c.o
                0x080091d2                HAL_FMPI2C_MasterTxCpltCallback
 .text.HAL_FMPI2C_MasterRxCpltCallback
                0x080091e6       0x14 ./Drivers/STM32F4xx_HAL_Driver/Src/stm32f4xx_hal_fmpi2c.o
                0x080091e6                HAL_FMPI2C_MasterRxCpltCallback
 .text.HAL_FMPI2C_SlaveTxCpltCallback
                0x080091fa       0x14 ./Drivers/STM32F4xx_HAL_Driver/Src/stm32f4xx_hal_fmpi2c.o
                0x080091fa                HAL_FMPI2C_SlaveTxCpltCallback
 .text.HAL_FMPI2C_SlaveRxCpltCallback
                0x0800920e       0x14 ./Drivers/STM32F4xx_HAL_Driver/Src/stm32f4xx_hal_fmpi2c.o
                0x0800920e                HAL_FMPI2C_SlaveRxCpltCallback
 .text.HAL_FMPI2C_AddrCallback
                0x08009222       0x1c ./Drivers/STM32F4xx_HAL_Driver/Src/stm32f4xx_hal_fmpi2c.o
                0x08009222                HAL_FMPI2C_AddrCallback
 .text.HAL_FMPI2C_ListenCpltCallback
                0x0800923e       0x14 ./Drivers/STM32F4xx_HAL_Driver/Src/stm32f4xx_hal_fmpi2c.o
                0x0800923e                HAL_FMPI2C_ListenCpltCallback
 .text.HAL_FMPI2C_MemTxCpltCallback
                0x08009252       0x14 ./Drivers/STM32F4xx_HAL_Driver/Src/stm32f4xx_hal_fmpi2c.o
                0x08009252                HAL_FMPI2C_MemTxCpltCallback
 .text.HAL_FMPI2C_MemRxCpltCallback
                0x08009266       0x14 ./Drivers/STM32F4xx_HAL_Driver/Src/stm32f4xx_hal_fmpi2c.o
                0x08009266                HAL_FMPI2C_MemRxCpltCallback
 .text.HAL_FMPI2C_ErrorCallback
                0x0800927a       0x14 ./Drivers/STM32F4xx_HAL_Driver/Src/stm32f4xx_hal_fmpi2c.o
                0x0800927a                HAL_FMPI2C_ErrorCallback
 .text.HAL_FMPI2C_AbortCpltCallback
                0x0800928e       0x14 ./Drivers/STM32F4xx_HAL_Driver/Src/stm32f4xx_hal_fmpi2c.o
                0x0800928e                HAL_FMPI2C_AbortCpltCallback
 .text.HAL_FMPI2C_GetState
                0x080092a2       0x1c ./Drivers/STM32F4xx_HAL_Driver/Src/stm32f4xx_hal_fmpi2c.o
                0x080092a2                HAL_FMPI2C_GetState
 .text.HAL_FMPI2C_GetMode
                0x080092be       0x1c ./Drivers/STM32F4xx_HAL_Driver/Src/stm32f4xx_hal_fmpi2c.o
                0x080092be                HAL_FMPI2C_GetMode
 .text.HAL_FMPI2C_GetError
                0x080092da       0x18 ./Drivers/STM32F4xx_HAL_Driver/Src/stm32f4xx_hal_fmpi2c.o
                0x080092da                HAL_FMPI2C_GetError
 .text.FMPI2C_Master_ISR_IT
                0x080092f2      0x284 ./Drivers/STM32F4xx_HAL_Driver/Src/stm32f4xx_hal_fmpi2c.o
 *fill*         0x08009576        0x2 
 .text.FMPI2C_Mem_ISR_IT
                0x08009578      0x2a0 ./Drivers/STM32F4xx_HAL_Driver/Src/stm32f4xx_hal_fmpi2c.o
 .text.FMPI2C_Slave_ISR_IT
                0x08009818      0x208 ./Drivers/STM32F4xx_HAL_Driver/Src/stm32f4xx_hal_fmpi2c.o
 .text.FMPI2C_Master_ISR_DMA
                0x08009a20      0x204 ./Drivers/STM32F4xx_HAL_Driver/Src/stm32f4xx_hal_fmpi2c.o
 .text.FMPI2C_Mem_ISR_DMA
                0x08009c24      0x29c ./Drivers/STM32F4xx_HAL_Driver/Src/stm32f4xx_hal_fmpi2c.o
 .text.FMPI2C_Slave_ISR_DMA
                0x08009ec0      0x1c2 ./Drivers/STM32F4xx_HAL_Driver/Src/stm32f4xx_hal_fmpi2c.o
 *fill*         0x0800a082        0x2 
 .text.FMPI2C_RequestMemoryWrite
                0x0800a084       0xa8 ./Drivers/STM32F4xx_HAL_Driver/Src/stm32f4xx_hal_fmpi2c.o
 .text.FMPI2C_RequestMemoryRead
                0x0800a12c       0xa8 ./Drivers/STM32F4xx_HAL_Driver/Src/stm32f4xx_hal_fmpi2c.o
 .text.FMPI2C_ITAddrCplt
                0x0800a1d4      0x108 ./Drivers/STM32F4xx_HAL_Driver/Src/stm32f4xx_hal_fmpi2c.o
 .text.FMPI2C_ITMasterSeqCplt
                0x0800a2dc       0x7a ./Drivers/STM32F4xx_HAL_Driver/Src/stm32f4xx_hal_fmpi2c.o
 .text.FMPI2C_ITSlaveSeqCplt
                0x0800a356       0xbc ./Drivers/STM32F4xx_HAL_Driver/Src/stm32f4xx_hal_fmpi2c.o
 *fill*         0x0800a412        0x2 
 .text.FMPI2C_ITMasterCplt
                0x0800a414      0x194 ./Drivers/STM32F4xx_HAL_Driver/Src/stm32f4xx_hal_fmpi2c.o
 .text.FMPI2C_ITSlaveCplt
                0x0800a5a8      0x2d4 ./Drivers/STM32F4xx_HAL_Driver/Src/stm32f4xx_hal_fmpi2c.o
 .text.FMPI2C_ITListenCplt
                0x0800a87c       0xac ./Drivers/STM32F4xx_HAL_Driver/Src/stm32f4xx_hal_fmpi2c.o
 .text.FMPI2C_ITError
                0x0800a928      0x1e0 ./Drivers/STM32F4xx_HAL_Driver/Src/stm32f4xx_hal_fmpi2c.o
 .text.FMPI2C_TreatErrorCallback
                0x0800ab08       0x4e ./Drivers/STM32F4xx_HAL_Driver/Src/stm32f4xx_hal_fmpi2c.o
 .text.FMPI2C_Flush_TXDR
                0x0800ab56       0x48 ./Drivers/STM32F4xx_HAL_Driver/Src/stm32f4xx_hal_fmpi2c.o
 .text.FMPI2C_DMAMasterTransmitCplt
                0x0800ab9e       0x96 ./Drivers/STM32F4xx_HAL_Driver/Src/stm32f4xx_hal_fmpi2c.o
 .text.FMPI2C_DMASlaveTransmitCplt
                0x0800ac34       0x40 ./Drivers/STM32F4xx_HAL_Driver/Src/stm32f4xx_hal_fmpi2c.o
 .text.FMPI2C_DMAMasterReceiveCplt
                0x0800ac74       0xb2 ./Drivers/STM32F4xx_HAL_Driver/Src/stm32f4xx_hal_fmpi2c.o
 .text.FMPI2C_DMASlaveReceiveCplt
                0x0800ad26       0x46 ./Drivers/STM32F4xx_HAL_Driver/Src/stm32f4xx_hal_fmpi2c.o
 .text.FMPI2C_DMAError
                0x0800ad6c       0x74 ./Drivers/STM32F4xx_HAL_Driver/Src/stm32f4xx_hal_fmpi2c.o
 .text.FMPI2C_DMAAbort
                0x0800ade0       0x3c ./Drivers/STM32F4xx_HAL_Driver/Src/stm32f4xx_hal_fmpi2c.o
 .text.FMPI2C_WaitOnFlagUntilTimeout
                0x0800ae1c       0xb2 ./Drivers/STM32F4xx_HAL_Driver/Src/stm32f4xx_hal_fmpi2c.o
 .text.FMPI2C_WaitOnTXISFlagUntilTimeout
                0x0800aece       0x8e ./Drivers/STM32F4xx_HAL_Driver/Src/stm32f4xx_hal_fmpi2c.o
 .text.FMPI2C_WaitOnSTOPFlagUntilTimeout
                0x0800af5c       0x86 ./Drivers/STM32F4xx_HAL_Driver/Src/stm32f4xx_hal_fmpi2c.o
 *fill*         0x0800afe2        0x2 
 .text.FMPI2C_WaitOnRXNEFlagUntilTimeout
                0x0800afe4      0x118 ./Drivers/STM32F4xx_HAL_Driver/Src/stm32f4xx_hal_fmpi2c.o
 .text.FMPI2C_IsErrorOccurred
                0x0800b0fc      0x1c0 ./Drivers/STM32F4xx_HAL_Driver/Src/stm32f4xx_hal_fmpi2c.o
 .text.FMPI2C_TransferConfig
                0x0800b2bc       0x64 ./Drivers/STM32F4xx_HAL_Driver/Src/stm32f4xx_hal_fmpi2c.o
 .text.FMPI2C_Enable_IRQ
                0x0800b320      0x108 ./Drivers/STM32F4xx_HAL_Driver/Src/stm32f4xx_hal_fmpi2c.o
 .text.FMPI2C_Disable_IRQ
                0x0800b428       0xbc ./Drivers/STM32F4xx_HAL_Driver/Src/stm32f4xx_hal_fmpi2c.o
 .text.FMPI2C_ConvertOtherXferOptions
                0x0800b4e4       0x36 ./Drivers/STM32F4xx_HAL_Driver/Src/stm32f4xx_hal_fmpi2c.o
 .text.HAL_FMPI2CEx_ConfigAnalogFilter
                0x0800b51a       0x96 ./Drivers/STM32F4xx_HAL_Driver/Src/stm32f4xx_hal_fmpi2c_ex.o
                0x0800b51a                HAL_FMPI2CEx_ConfigAnalogFilter
 .text.HAL_FMPI2CEx_ConfigDigitalFilter
                0x0800b5b0       0x98 ./Drivers/STM32F4xx_HAL_Driver/Src/stm32f4xx_hal_fmpi2c_ex.o
                0x0800b5b0                HAL_FMPI2CEx_ConfigDigitalFilter
 .text.HAL_FMPI2CEx_EnableFastModePlus
                0x0800b648       0x44 ./Drivers/STM32F4xx_HAL_Driver/Src/stm32f4xx_hal_fmpi2c_ex.o
                0x0800b648                HAL_FMPI2CEx_EnableFastModePlus
 .text.HAL_FMPI2CEx_DisableFastModePlus
                0x0800b68c       0x48 ./Drivers/STM32F4xx_HAL_Driver/Src/stm32f4xx_hal_fmpi2c_ex.o
                0x0800b68c                HAL_FMPI2CEx_DisableFastModePlus
 .text.HAL_GPIO_Init
                0x0800b6d4      0x2e8 ./Drivers/STM32F4xx_HAL_Driver/Src/stm32f4xx_hal_gpio.o
                0x0800b6d4                HAL_GPIO_Init
 .text.HAL_GPIO_DeInit
                0x0800b9bc      0x1a8 ./Drivers/STM32F4xx_HAL_Driver/Src/stm32f4xx_hal_gpio.o
                0x0800b9bc                HAL_GPIO_DeInit
 .text.HAL_GPIO_ReadPin
                0x0800bb64       0x30 ./Drivers/STM32F4xx_HAL_Driver/Src/stm32f4xx_hal_gpio.o
                0x0800bb64                HAL_GPIO_ReadPin
 .text.HAL_GPIO_WritePin
                0x0800bb94       0x32 ./Drivers/STM32F4xx_HAL_Driver/Src/stm32f4xx_hal_gpio.o
                0x0800bb94                HAL_GPIO_WritePin
 .text.HAL_GPIO_TogglePin
                0x0800bbc6       0x34 ./Drivers/STM32F4xx_HAL_Driver/Src/stm32f4xx_hal_gpio.o
                0x0800bbc6                HAL_GPIO_TogglePin
 .text.HAL_GPIO_LockPin
                0x0800bbfa       0x50 ./Drivers/STM32F4xx_HAL_Driver/Src/stm32f4xx_hal_gpio.o
                0x0800bbfa                HAL_GPIO_LockPin
 *fill*         0x0800bc4a        0x2 
 .text.HAL_GPIO_EXTI_IRQHandler
                0x0800bc4c       0x30 ./Drivers/STM32F4xx_HAL_Driver/Src/stm32f4xx_hal_gpio.o
                0x0800bc4c                HAL_GPIO_EXTI_IRQHandler
 .text.HAL_GPIO_EXTI_Callback
                0x0800bc7c       0x16 ./Drivers/STM32F4xx_HAL_Driver/Src/stm32f4xx_hal_gpio.o
                0x0800bc7c                HAL_GPIO_EXTI_Callback
 .text.HAL_IWDG_Init
                0x0800bc92       0x88 ./Drivers/STM32F4xx_HAL_Driver/Src/stm32f4xx_hal_iwdg.o
                0x0800bc92                HAL_IWDG_Init
 .text.HAL_IWDG_Refresh
                0x0800bd1a       0x20 ./Drivers/STM32F4xx_HAL_Driver/Src/stm32f4xx_hal_iwdg.o
                0x0800bd1a                HAL_IWDG_Refresh
 *fill*         0x0800bd3a        0x2 
 .text.HAL_PWR_DeInit
                0x0800bd3c       0x2c ./Drivers/STM32F4xx_HAL_Driver/Src/stm32f4xx_hal_pwr.o
                0x0800bd3c                HAL_PWR_DeInit
 .text.HAL_PWR_EnableBkUpAccess
                0x0800bd68       0x28 ./Drivers/STM32F4xx_HAL_Driver/Src/stm32f4xx_hal_pwr.o
                0x0800bd68                HAL_PWR_EnableBkUpAccess
 .text.HAL_PWR_DisableBkUpAccess
                0x0800bd90       0x28 ./Drivers/STM32F4xx_HAL_Driver/Src/stm32f4xx_hal_pwr.o
                0x0800bd90                HAL_PWR_DisableBkUpAccess
 .text.HAL_PWR_ConfigPVD
                0x0800bdb8       0xc0 ./Drivers/STM32F4xx_HAL_Driver/Src/stm32f4xx_hal_pwr.o
                0x0800bdb8                HAL_PWR_ConfigPVD
 .text.HAL_PWR_EnablePVD
                0x0800be78       0x18 ./Drivers/STM32F4xx_HAL_Driver/Src/stm32f4xx_hal_pwr.o
                0x0800be78                HAL_PWR_EnablePVD
 .text.HAL_PWR_DisablePVD
                0x0800be90       0x18 ./Drivers/STM32F4xx_HAL_Driver/Src/stm32f4xx_hal_pwr.o
                0x0800be90                HAL_PWR_DisablePVD
 .text.HAL_PWR_EnableWakeUpPin
                0x0800bea8       0x24 ./Drivers/STM32F4xx_HAL_Driver/Src/stm32f4xx_hal_pwr.o
                0x0800bea8                HAL_PWR_EnableWakeUpPin
 .text.HAL_PWR_DisableWakeUpPin
                0x0800becc       0x28 ./Drivers/STM32F4xx_HAL_Driver/Src/stm32f4xx_hal_pwr.o
                0x0800becc                HAL_PWR_DisableWakeUpPin
 .text.HAL_PWR_EnterSLEEPMode
                0x0800bef4       0x40 ./Drivers/STM32F4xx_HAL_Driver/Src/stm32f4xx_hal_pwr.o
                0x0800bef4                HAL_PWR_EnterSLEEPMode
 .text.HAL_PWR_EnterSTOPMode
                0x0800bf34       0x60 ./Drivers/STM32F4xx_HAL_Driver/Src/stm32f4xx_hal_pwr.o
                0x0800bf34                HAL_PWR_EnterSTOPMode
 .text.HAL_PWR_EnterSTANDBYMode
                0x0800bf94       0x30 ./Drivers/STM32F4xx_HAL_Driver/Src/stm32f4xx_hal_pwr.o
                0x0800bf94                HAL_PWR_EnterSTANDBYMode
 .text.HAL_PWR_PVD_IRQHandler
                0x0800bfc4       0x24 ./Drivers/STM32F4xx_HAL_Driver/Src/stm32f4xx_hal_pwr.o
                0x0800bfc4                HAL_PWR_PVD_IRQHandler
 .text.HAL_PWR_PVDCallback
                0x0800bfe8        0xe ./Drivers/STM32F4xx_HAL_Driver/Src/stm32f4xx_hal_pwr.o
                0x0800bfe8                HAL_PWR_PVDCallback
 *fill*         0x0800bff6        0x2 
 .text.HAL_PWR_EnableSleepOnExit
                0x0800bff8       0x20 ./Drivers/STM32F4xx_HAL_Driver/Src/stm32f4xx_hal_pwr.o
                0x0800bff8                HAL_PWR_EnableSleepOnExit
 .text.HAL_PWR_DisableSleepOnExit
                0x0800c018       0x20 ./Drivers/STM32F4xx_HAL_Driver/Src/stm32f4xx_hal_pwr.o
                0x0800c018                HAL_PWR_DisableSleepOnExit
 .text.HAL_PWR_EnableSEVOnPend
                0x0800c038       0x20 ./Drivers/STM32F4xx_HAL_Driver/Src/stm32f4xx_hal_pwr.o
                0x0800c038                HAL_PWR_EnableSEVOnPend
 .text.HAL_PWR_DisableSEVOnPend
                0x0800c058       0x20 ./Drivers/STM32F4xx_HAL_Driver/Src/stm32f4xx_hal_pwr.o
                0x0800c058                HAL_PWR_DisableSEVOnPend
 .text.HAL_PWREx_EnableBkUpReg
                0x0800c078       0x4c ./Drivers/STM32F4xx_HAL_Driver/Src/stm32f4xx_hal_pwr_ex.o
                0x0800c078                HAL_PWREx_EnableBkUpReg
 .text.HAL_PWREx_DisableBkUpReg
                0x0800c0c4       0x4c ./Drivers/STM32F4xx_HAL_Driver/Src/stm32f4xx_hal_pwr_ex.o
                0x0800c0c4                HAL_PWREx_DisableBkUpReg
 .text.HAL_PWREx_EnableFlashPowerDown
                0x0800c110       0x18 ./Drivers/STM32F4xx_HAL_Driver/Src/stm32f4xx_hal_pwr_ex.o
                0x0800c110                HAL_PWREx_EnableFlashPowerDown
 .text.HAL_PWREx_DisableFlashPowerDown
                0x0800c128       0x18 ./Drivers/STM32F4xx_HAL_Driver/Src/stm32f4xx_hal_pwr_ex.o
                0x0800c128                HAL_PWREx_DisableFlashPowerDown
 .text.HAL_PWREx_GetVoltageRange
                0x0800c140       0x1c ./Drivers/STM32F4xx_HAL_Driver/Src/stm32f4xx_hal_pwr_ex.o
                0x0800c140                HAL_PWREx_GetVoltageRange
 .text.HAL_PWREx_ControlVoltageScaling
                0x0800c15c       0xf4 ./Drivers/STM32F4xx_HAL_Driver/Src/stm32f4xx_hal_pwr_ex.o
                0x0800c15c                HAL_PWREx_ControlVoltageScaling
 .text.HAL_PWREx_EnableMainRegulatorLowVoltage
                0x0800c250       0x18 ./Drivers/STM32F4xx_HAL_Driver/Src/stm32f4xx_hal_pwr_ex.o
                0x0800c250                HAL_PWREx_EnableMainRegulatorLowVoltage
 .text.HAL_PWREx_DisableMainRegulatorLowVoltage
                0x0800c268       0x18 ./Drivers/STM32F4xx_HAL_Driver/Src/stm32f4xx_hal_pwr_ex.o
                0x0800c268                HAL_PWREx_DisableMainRegulatorLowVoltage
 .text.HAL_PWREx_EnableLowRegulatorLowVoltage
                0x0800c280       0x18 ./Drivers/STM32F4xx_HAL_Driver/Src/stm32f4xx_hal_pwr_ex.o
                0x0800c280                HAL_PWREx_EnableLowRegulatorLowVoltage
 .text.HAL_PWREx_DisableLowRegulatorLowVoltage
                0x0800c298       0x18 ./Drivers/STM32F4xx_HAL_Driver/Src/stm32f4xx_hal_pwr_ex.o
                0x0800c298                HAL_PWREx_DisableLowRegulatorLowVoltage
 .text.HAL_RCC_DeInit
                0x0800c2b0       0x10 ./Drivers/STM32F4xx_HAL_Driver/Src/stm32f4xx_hal_rcc.o
 .text.HAL_RCC_OscConfig
                0x0800c2c0      0x500 ./Drivers/STM32F4xx_HAL_Driver/Src/stm32f4xx_hal_rcc.o
 .text.HAL_RCC_ClockConfig
                0x0800c7c0      0x1cc ./Drivers/STM32F4xx_HAL_Driver/Src/stm32f4xx_hal_rcc.o
                0x0800c7c0                HAL_RCC_ClockConfig
 .text.HAL_RCC_MCOConfig
                0x0800c98c       0xd0 ./Drivers/STM32F4xx_HAL_Driver/Src/stm32f4xx_hal_rcc.o
                0x0800c98c                HAL_RCC_MCOConfig
 .text.HAL_RCC_EnableCSS
                0x0800ca5c       0x18 ./Drivers/STM32F4xx_HAL_Driver/Src/stm32f4xx_hal_rcc.o
                0x0800ca5c                HAL_RCC_EnableCSS
 .text.HAL_RCC_DisableCSS
                0x0800ca74       0x18 ./Drivers/STM32F4xx_HAL_Driver/Src/stm32f4xx_hal_rcc.o
                0x0800ca74                HAL_RCC_DisableCSS
 .text.HAL_RCC_GetSysClockFreq
                0x0800ca8c      0x18c ./Drivers/STM32F4xx_HAL_Driver/Src/stm32f4xx_hal_rcc.o
                0x0800ca8c                HAL_RCC_GetSysClockFreq
 .text.HAL_RCC_GetHCLKFreq
                0x0800cc18       0x18 ./Drivers/STM32F4xx_HAL_Driver/Src/stm32f4xx_hal_rcc.o
                0x0800cc18                HAL_RCC_GetHCLKFreq
 .text.HAL_RCC_GetPCLK1Freq
                0x0800cc30       0x28 ./Drivers/STM32F4xx_HAL_Driver/Src/stm32f4xx_hal_rcc.o
                0x0800cc30                HAL_RCC_GetPCLK1Freq
 .text.HAL_RCC_GetPCLK2Freq
                0x0800cc58       0x28 ./Drivers/STM32F4xx_HAL_Driver/Src/stm32f4xx_hal_rcc.o
                0x0800cc58                HAL_RCC_GetPCLK2Freq
 .text.HAL_RCC_GetOscConfig
                0x0800cc80      0x128 ./Drivers/STM32F4xx_HAL_Driver/Src/stm32f4xx_hal_rcc.o
 .text.HAL_RCC_GetClockConfig
                0x0800cda8       0x64 ./Drivers/STM32F4xx_HAL_Driver/Src/stm32f4xx_hal_rcc.o
                0x0800cda8                HAL_RCC_GetClockConfig
 .text.HAL_RCC_NMI_IRQHandler
                0x0800ce0c       0x28 ./Drivers/STM32F4xx_HAL_Driver/Src/stm32f4xx_hal_rcc.o
                0x0800ce0c                HAL_RCC_NMI_IRQHandler
 .text.HAL_RCC_CSSCallback
                0x0800ce34        0xe ./Drivers/STM32F4xx_HAL_Driver/Src/stm32f4xx_hal_rcc.o
                0x0800ce34                HAL_RCC_CSSCallback
 *fill*         0x0800ce42        0x2 
 .text.HAL_RCCEx_PeriphCLKConfig
                0x0800ce44      0x39c ./Drivers/STM32F4xx_HAL_Driver/Src/stm32f4xx_hal_rcc_ex.o
                0x0800ce44                HAL_RCCEx_PeriphCLKConfig
 .text.HAL_RCCEx_GetPeriphCLKConfig
                0x0800d1e0       0xfc ./Drivers/STM32F4xx_HAL_Driver/Src/stm32f4xx_hal_rcc_ex.o
                0x0800d1e0                HAL_RCCEx_GetPeriphCLKConfig
 .text.HAL_RCCEx_GetPeriphCLKFreq
                0x0800d2dc      0x2c8 ./Drivers/STM32F4xx_HAL_Driver/Src/stm32f4xx_hal_rcc_ex.o
                0x0800d2dc                HAL_RCCEx_GetPeriphCLKFreq
 .text.HAL_RCCEx_SelectLSEMode
                0x0800d5a4       0x3c ./Drivers/STM32F4xx_HAL_Driver/Src/stm32f4xx_hal_rcc_ex.o
                0x0800d5a4                HAL_RCCEx_SelectLSEMode
 .text.HAL_RCCEx_EnablePLLI2S
                0x0800d5e0       0x94 ./Drivers/STM32F4xx_HAL_Driver/Src/stm32f4xx_hal_rcc_ex.o
                0x0800d5e0                HAL_RCCEx_EnablePLLI2S
 .text.HAL_RCCEx_DisablePLLI2S
                0x0800d674       0x44 ./Drivers/STM32F4xx_HAL_Driver/Src/stm32f4xx_hal_rcc_ex.o
                0x0800d674                HAL_RCCEx_DisablePLLI2S
 .text.HAL_RCC_DeInit
                0x0800d6b8      0x198 ./Drivers/STM32F4xx_HAL_Driver/Src/stm32f4xx_hal_rcc_ex.o
                0x0800d6b8                HAL_RCC_DeInit
 .text.HAL_RCC_OscConfig
                0x0800d850      0x508 ./Drivers/STM32F4xx_HAL_Driver/Src/stm32f4xx_hal_rcc_ex.o
                0x0800d850                HAL_RCC_OscConfig
 .text.HAL_RCC_GetOscConfig
                0x0800dd58      0x138 ./Drivers/STM32F4xx_HAL_Driver/Src/stm32f4xx_hal_rcc_ex.o
                0x0800dd58                HAL_RCC_GetOscConfig
 .text.HAL_SPI_Init
                0x0800de90      0x112 ./Drivers/STM32F4xx_HAL_Driver/Src/stm32f4xx_hal_spi.o
                0x0800de90                HAL_SPI_Init
 .text.HAL_SPI_DeInit
                0x0800dfa2       0x50 ./Drivers/STM32F4xx_HAL_Driver/Src/stm32f4xx_hal_spi.o
                0x0800dfa2                HAL_SPI_DeInit
 .text.HAL_SPI_MspInit
                0x0800dff2       0x14 ./Drivers/STM32F4xx_HAL_Driver/Src/stm32f4xx_hal_spi.o
 .text.HAL_SPI_MspDeInit
                0x0800e006       0x14 ./Drivers/STM32F4xx_HAL_Driver/Src/stm32f4xx_hal_spi.o
 .text.HAL_SPI_Transmit
                0x0800e01a      0x288 ./Drivers/STM32F4xx_HAL_Driver/Src/stm32f4xx_hal_spi.o
                0x0800e01a                HAL_SPI_Transmit
 .text.HAL_SPI_Receive
                0x0800e2a2      0x232 ./Drivers/STM32F4xx_HAL_Driver/Src/stm32f4xx_hal_spi.o
                0x0800e2a2                HAL_SPI_Receive
 .text.HAL_SPI_TransmitReceive
                0x0800e4d4      0x352 ./Drivers/STM32F4xx_HAL_Driver/Src/stm32f4xx_hal_spi.o
                0x0800e4d4                HAL_SPI_TransmitReceive
 *fill*         0x0800e826        0x2 
 .text.HAL_SPI_Transmit_IT
                0x0800e828      0x108 ./Drivers/STM32F4xx_HAL_Driver/Src/stm32f4xx_hal_spi.o
                0x0800e828                HAL_SPI_Transmit_IT
 .text.HAL_SPI_Receive_IT
                0x0800e930      0x130 ./Drivers/STM32F4xx_HAL_Driver/Src/stm32f4xx_hal_spi.o
                0x0800e930                HAL_SPI_Receive_IT
 .text.HAL_SPI_TransmitReceive_IT
                0x0800ea60      0x11c ./Drivers/STM32F4xx_HAL_Driver/Src/stm32f4xx_hal_spi.o
                0x0800ea60                HAL_SPI_TransmitReceive_IT
 .text.HAL_SPI_Transmit_DMA
                0x0800eb7c      0x164 ./Drivers/STM32F4xx_HAL_Driver/Src/stm32f4xx_hal_spi.o
                0x0800eb7c                HAL_SPI_Transmit_DMA
 .text.HAL_SPI_Receive_DMA
                0x0800ece0      0x188 ./Drivers/STM32F4xx_HAL_Driver/Src/stm32f4xx_hal_spi.o
                0x0800ece0                HAL_SPI_Receive_DMA
 .text.HAL_SPI_TransmitReceive_DMA
                0x0800ee68      0x1f8 ./Drivers/STM32F4xx_HAL_Driver/Src/stm32f4xx_hal_spi.o
                0x0800ee68                HAL_SPI_TransmitReceive_DMA
 .text.HAL_SPI_Abort
                0x0800f060      0x1d8 ./Drivers/STM32F4xx_HAL_Driver/Src/stm32f4xx_hal_spi.o
                0x0800f060                HAL_SPI_Abort
 .text.HAL_SPI_Abort_IT
                0x0800f238      0x1f4 ./Drivers/STM32F4xx_HAL_Driver/Src/stm32f4xx_hal_spi.o
                0x0800f238                HAL_SPI_Abort_IT
 .text.HAL_SPI_DMAPause
                0x0800f42c       0x44 ./Drivers/STM32F4xx_HAL_Driver/Src/stm32f4xx_hal_spi.o